"emission_time","org","course_key","course_name","course_run","problem_id","problem_name","problem_name_with_location","course_order","actor_id","help_type"
"2023-12-03 04:19:51","Org0","course-v1:Org0+DemoX+2bc51b","2bc51b (small)","2bc51b","block-v1:course-v1:Org0+DemoX+2bc51b+type@problem+block@b6548753","Problem 26","3:3:2 - Problem 26","26","273d802c-af43-4e17-a03c-0dd9da357be1","answer"
"2023-12-24 03:46:22","Org0","course-v1:Org0+DemoX+2bc51b","2bc51b (small)","2bc51b","block-v1:course-v1:Org0+DemoX+2bc51b+type@problem+block@f116ead5","Problem 29","1:4:0 - Problem 29","29","602fedf5-a7ca-41ce-b14d-7f8945e1969a","answer"
"2023-12-29 02:47:47","Org0","course-v1:Org0+DemoX+2bc51b","2bc51b (small)","2bc51b","block-v1:course-v1:Org0+DemoX+2bc51b+type@problem+block@a07cda7c","Problem 27","3:2:0 - Problem 27","27","f360e005-29c1-4ad8-92a8-308d7047dc6e","answer"
"2024-01-21 19:36:45","Org0","course-v1:Org0+DemoX+2bc51b","2bc51b (small)","2bc51b","block-v1:course-v1:Org0+DemoX+2bc51b+type@problem+block@44277181","Problem 16","3:0:7 - Problem 16","16","602fedf5-a7ca-41ce-b14d-7f8945e1969a","answer"
"2024-01-29 08:16:19","Org0","course-v1:Org0+DemoX+2bc51b","2bc51b (small)","2bc51b","block-v1:course-v1:Org0+DemoX+2bc51b+type@problem+block@09b07a8d","Problem 14","3:1:1 - Problem 14","14","f5975641-7160-4d20-9989-c7f9a993d32c","answer"
"2024-02-03 19:16:28","Org0","course-v1:Org0+DemoX+2bc51b","2bc51b (small)","2bc51b","block-v1:course-v1:Org0+DemoX+2bc51b+type@problem+block@ba3712a4","Problem 18","1:4:1 - Problem 18","18","f360e005-29c1-4ad8-92a8-308d7047dc6e","answer"
"2024-02-08 16:51:03","Org0","course-v1:Org0+DemoX+2bc51b","2bc51b (small)","2bc51b","block-v1:course-v1:Org0+DemoX+2bc51b+type@problem+block@d38ff013","Problem 11","3:1:1 - Problem 11","11","f376194f-4c5c-4357-aae6-780707fcf36a","answer"
"2024-02-15 05:43:49","Org0","course-v1:Org0+DemoX+2bc51b","2bc51b (small)","2bc51b","block-v1:course-v1:Org0+DemoX+2bc51b+type@problem+block@09b07a8d","Problem 14","3:1:1 - Problem 14","14","4e0fc096-65d9-4b41-bcbd-564b054e532e","answer"
"2024-02-21 10:36:46","Org0","course-v1:Org0+DemoX+2bc51b","2bc51b (small)","2bc51b","block-v1:course-v1:Org0+DemoX+2bc51b+type@problem+block@f116ead5","Problem 29","1:4:0 - Problem 29","29","44b445b8-97e5-4208-abcd-5e1b08ee9569","answer"
"2024-03-01 00:10:43","Org0","course-v1:Org0+DemoX+2bc51b","2bc51b (small)","2bc51b","block-v1:course-v1:Org0+DemoX+2bc51b+type@problem+block@d38ff013","Problem 11","3:1:1 - Problem 11","11","8d500f3f-f97a-4c45-b786-c814ced84bff","answer"
"2024-03-09 14:01:15","Org0","course-v1:Org0+DemoX+2bc51b","2bc51b (small)","2bc51b","block-v1:course-v1:Org0+DemoX+2bc51b+type@problem+block@bfe02ba1","Problem 24","3:1:2 - Problem 24","24","8d500f3f-f97a-4c45-b786-c814ced84bff","answer"
"2024-03-12 19:05:05","Org0","course-v1:Org0+DemoX+2bc51b","2bc51b (small)","2bc51b","block-v1:course-v1:Org0+DemoX+2bc51b+type@problem+block@f3788c4f","Problem 22","2:0:0 - Problem 22","22","2369d68b-899d-458a-b780-77ebf4e5f4c3","answer"
"2020-07-16 23:21:41","Org0","course-v1:Org0+DemoX+81bba1","81bba1 (small)","81bba1","block-v1:course-v1:Org0+DemoX+81bba1+type@problem+block@d7e8f581","Problem 16","2:1:3 - Problem 16","16","c838016f-6640-44d9-a038-33a7cc4018a9","answer"
"2020-08-16 19:26:04","Org0","course-v1:Org0+DemoX+81bba1","81bba1 (small)","81bba1","block-v1:course-v1:Org0+DemoX+81bba1+type@problem+block@85ef8e46","Problem 22","2:1:3 - Problem 22","22","154fd129-9ceb-4303-9984-d7736031117b","answer"
"2020-08-21 20:20:38","Org0","course-v1:Org0+DemoX+81bba1","81bba1 (small)","81bba1","block-v1:course-v1:Org0+DemoX+81bba1+type@problem+block@dbc5def1","Problem 15","2:3:1 - Problem 15","15","1efff542-8cfc-4bc9-863d-1bdd3c521515","hint"
"2020-08-23 19:53:36","Org0","course-v1:Org0+DemoX+81bba1","81bba1 (small)","81bba1","block-v1:course-v1:Org0+DemoX+81bba1+type@problem+block@519eef7e","Problem 25","1:2:0 - Problem 25","25","a5a50fa7-26c3-405d-95bb-d1b351ffa191","answer"
"2020-09-03 02:23:35","Org0","course-v1:Org0+DemoX+81bba1","81bba1 (small)","81bba1","block-v1:course-v1:Org0+DemoX+81bba1+type@problem+block@c62a4922","Problem 24","2:2:0 - Problem 24","24","9066f98a-4696-4dab-9de6-1c04a769f9ac","answer"
"2020-09-12 23:55:40","Org0","course-v1:Org0+DemoX+81bba1","81bba1 (small)","81bba1","block-v1:course-v1:Org0+DemoX+81bba1+type@problem+block@fc90f929","Problem 11","1:2:0 - Problem 11","11","154fd129-9ceb-4303-9984-d7736031117b","answer"
"2020-09-13 20:24:56","Org0","course-v1:Org0+DemoX+81bba1","81bba1 (small)","81bba1","block-v1:course-v1:Org0+DemoX+81bba1+type@problem+block@20d3f709","Problem 19","1:2:0 - Problem 19","19","7ba12e72-5cb4-43f4-b3a9-729e6724ef6a","hint"
"2020-09-15 10:10:44","Org0","course-v1:Org0+DemoX+81bba1","81bba1 (small)","81bba1","block-v1:course-v1:Org0+DemoX+81bba1+type@problem+block@fc90f929","Problem 11","1:2:0 - Problem 11","11","49d7023e-84c3-4396-9df7-5536b203ac32","answer"
"2020-09-17 21:43:53","Org0","course-v1:Org0+DemoX+81bba1","81bba1 (small)","81bba1","block-v1:course-v1:Org0+DemoX+81bba1+type@problem+block@c37392ac","Problem 18","2:2:0 - Problem 18","18","5acd076a-e3f8-48e6-9c13-aad953166b68","answer"
"2020-09-18 02:07:13","Org0","course-v1:Org0+DemoX+81bba1","81bba1 (small)","81bba1","block-v1:course-v1:Org0+DemoX+81bba1+type@problem+block@fc90f929","Problem 11","1:2:0 - Problem 11","11","5acd076a-e3f8-48e6-9c13-aad953166b68","answer"
"2020-09-23 12:53:11","Org0","course-v1:Org0+DemoX+81bba1","81bba1 (small)","81bba1","block-v1:course-v1:Org0+DemoX+81bba1+type@problem+block@f14f4371","Problem 30","3:3:0 - Problem 30","30","154fd129-9ceb-4303-9984-d7736031117b","answer"
"2020-09-27 13:47:11","Org0","course-v1:Org0+DemoX+81bba1","81bba1 (small)","81bba1","block-v1:course-v1:Org0+DemoX+81bba1+type@problem+block@2f52c5bf","Problem 13","1:2:0 - Problem 13","13","100752b0-091b-40a3-9087-52f0d4aaeb8c","answer"
"2020-10-02 14:19:26","Org0","course-v1:Org0+DemoX+81bba1","81bba1 (small)","81bba1","block-v1:course-v1:Org0+DemoX+81bba1+type@problem+block@4ed4d910","Problem 21","3:0:0 - Problem 21","21","ee648ff3-a442-43af-b1f8-d9880957ec86","answer"
"2020-10-02 14:39:36","Org0","course-v1:Org0+DemoX+81bba1","81bba1 (small)","81bba1","block-v1:course-v1:Org0+DemoX+81bba1+type@problem+block@fc90f929","Problem 11","1:2:0 - Problem 11","11","7ba12e72-5cb4-43f4-b3a9-729e6724ef6a","answer"
"2020-10-02 17:28:59","Org0","course-v1:Org0+DemoX+81bba1","81bba1 (small)","81bba1","block-v1:course-v1:Org0+DemoX+81bba1+type@problem+block@2f52c5bf","Problem 13","1:2:0 - Problem 13","13","af648aba-2da8-4c60-b982-adfc2f42fe78","answer"
"2020-10-03 02:58:30","Org0","course-v1:Org0+DemoX+81bba1","81bba1 (small)","81bba1","block-v1:course-v1:Org0+DemoX+81bba1+type@problem+block@fc90f929","Problem 11","1:2:0 - Problem 11","11","ee648ff3-a442-43af-b1f8-d9880957ec86","answer"
"2020-10-03 03:09:11","Org0","course-v1:Org0+DemoX+81bba1","81bba1 (small)","81bba1","block-v1:course-v1:Org0+DemoX+81bba1+type@problem+block@c62a4922","Problem 24","2:2:0 - Problem 24","24","b3abecb9-10c6-4cfd-93ae-92883b2ab749","answer"
"2020-10-03 07:33:21","Org0","course-v1:Org0+DemoX+81bba1","81bba1 (small)","81bba1","block-v1:course-v1:Org0+DemoX+81bba1+type@problem+block@f14f4371","Problem 30","3:3:0 - Problem 30","30","ee648ff3-a442-43af-b1f8-d9880957ec86","answer"
"2020-10-04 09:49:06","Org0","course-v1:Org0+DemoX+81bba1","81bba1 (small)","81bba1","block-v1:course-v1:Org0+DemoX+81bba1+type@problem+block@239a6726","Problem 17","1:1:1 - Problem 17","17","100752b0-091b-40a3-9087-52f0d4aaeb8c","answer"
"2021-04-28 03:43:57","Org1","course-v1:Org1+DemoX+1937e7","1937e7 (large)","1937e7","block-v1:course-v1:Org1+DemoX+1937e7+type@problem+block@76e57d8e","Problem 57","1:2:1 - Problem 57","57","ac483c85-5bcc-41d1-8aad-3d84305ee3a5","answer"
"2021-06-06 20:45:08","Org1","course-v1:Org1+DemoX+1937e7","1937e7 (large)","1937e7","block-v1:course-v1:Org1+DemoX+1937e7+type@problem+block@9837282e","Problem 74","5:2:1 - Problem 74","74","d44a9bd9-6afe-4f1c-9f21-9aef3194c24a","answer"
"2021-06-26 18:23:06","Org1","course-v1:Org1+DemoX+1937e7","1937e7 (large)","1937e7","block-v1:course-v1:Org1+DemoX+1937e7+type@problem+block@a1f6066c","Problem 39","1:3:0 - Problem 39","39","3f5c36e9-d6ac-422d-9c83-ca3f1d38aa71","answer"
"2021-06-27 05:58:29","Org1","course-v1:Org1+DemoX+1937e7","1937e7 (large)","1937e7","block-v1:course-v1:Org1+DemoX+1937e7+type@problem+block@405bc271","Problem 69","2:3:0 - Problem 69","69","d9d644d5-2619-4c87-8ce3-f3efae37c2b8","answer"
"2021-07-07 23:33:14","Org1","course-v1:Org1+DemoX+1937e7","1937e7 (large)","1937e7","block-v1:course-v1:Org1+DemoX+1937e7+type@problem+block@0ef2e5ca","Problem 43","1:20:0 - Problem 43","43","ac01d5b9-84a7-4df4-bfba-e91dcfad1c14","answer"
"2021-07-08 01:14:11","Org1","course-v1:Org1+DemoX+1937e7","1937e7 (large)","1937e7","block-v1:course-v1:Org1+DemoX+1937e7+type@problem+block@76e57d8e","Problem 57","1:2:1 - Problem 57","57","4143359b-4690-4687-a2b8-dbe39f5cb330","answer"
"2021-07-13 08:20:42","Org1","course-v1:Org1+DemoX+1937e7","1937e7 (large)","1937e7","block-v1:course-v1:Org1+DemoX+1937e7+type@problem+block@a44be9f9","Problem 101","1:18:4 - Problem 101","101","70b53781-f71d-4051-9760-3874b4473a57","answer"
"2021-07-13 15:29:48","Org1","course-v1:Org1+DemoX+1937e7","1937e7 (large)","1937e7","block-v1:course-v1:Org1+DemoX+1937e7+type@problem+block@227989d9","Problem 88","1:6:1 - Problem 88","88","602fedf5-a7ca-41ce-b14d-7f8945e1969a","answer"
"2021-07-14 22:48:53","Org1","course-v1:Org1+DemoX+1937e7","1937e7 (large)","1937e7","block-v1:course-v1:Org1+DemoX+1937e7+type@problem+block@aec0f98b","Problem 99","2:1:1 - Problem 99","99","3044ff34-06c7-4d33-bfe3-405b0f05b984","answer"
"2021-07-26 12:55:48","Org1","course-v1:Org1+DemoX+1937e7","1937e7 (large)","1937e7","block-v1:course-v1:Org1+DemoX+1937e7+type@problem+block@f21a3139","Problem 91","2:6:0 - Problem 91","91","3f5c36e9-d6ac-422d-9c83-ca3f1d38aa71","answer"
"2021-07-27 10:01:15","Org1","course-v1:Org1+DemoX+1937e7","1937e7 (large)","1937e7","block-v1:course-v1:Org1+DemoX+1937e7+type@problem+block@52a04cc8","Problem 105","1:2:0 - Problem 105","105","49a47dcd-f33e-4ad5-9416-a248494a85af","answer"
"2021-07-28 11:11:03","Org1","course-v1:Org1+DemoX+1937e7","1937e7 (large)","1937e7","block-v1:course-v1:Org1+DemoX+1937e7+type@problem+block@fcbfcc47","Problem 50","1:14:1 - Problem 50","50","ed2421ea-45e4-4610-85b1-d58b2cdf628a","answer"
"2021-07-29 06:28:54","Org1","course-v1:Org1+DemoX+1937e7","1937e7 (large)","1937e7","block-v1:course-v1:Org1+DemoX+1937e7+type@problem+block@0ef2e5ca","Problem 43","1:20:0 - Problem 43","43","a5a50fa7-26c3-405d-95bb-d1b351ffa191","answer"
"2021-11-11 07:14:31","Org2","course-v1:Org2+DemoX+682526","682526 (medium)","682526","block-v1:course-v1:Org2+DemoX+682526+type@problem+block@ea408285","Problem 58","2:11:1 - Problem 58","58","9e2f08c5-77f0-4508-99c6-88549bf7c0b4","answer"
"2021-11-12 00:48:43","Org2","course-v1:Org2+DemoX+682526","682526 (medium)","682526","block-v1:course-v1:Org2+DemoX+682526+type@problem+block@80e6f47d","Problem 31","4:2:0 - Problem 31","31","6c0eb8ab-6be1-47d2-bd0d-cf507fd763dc","answer"
"2021-11-24 21:58:46","Org2","course-v1:Org2+DemoX+682526","682526 (medium)","682526","block-v1:course-v1:Org2+DemoX+682526+type@problem+block@14b8990f","Problem 52","2:15:1 - Problem 52","52","44b445b8-97e5-4208-abcd-5e1b08ee9569","answer"
"2021-12-09 22:53:42","Org2","course-v1:Org2+DemoX+682526","682526 (medium)","682526","block-v1:course-v1:Org2+DemoX+682526+type@problem+block@1b52c7f2","Problem 25","4:0:0 - Problem 25","25","ed2421ea-45e4-4610-85b1-d58b2cdf628a","answer"
"2021-12-14 17:01:17","Org2","course-v1:Org2+DemoX+682526","682526 (medium)","682526","block-v1:course-v1:Org2+DemoX+682526+type@problem+block@29141bc4","Problem 22","2:1:0 - Problem 22","22","44b445b8-97e5-4208-abcd-5e1b08ee9569","answer"
"2021-12-19 02:09:50","Org2","course-v1:Org2+DemoX+682526","682526 (medium)","682526","block-v1:course-v1:Org2+DemoX+682526+type@problem+block@c86ffe87","Problem 21","2:1:0 - Problem 21","21","f5975641-7160-4d20-9989-c7f9a993d32c","answer"
"2021-12-24 19:38:31","Org2","course-v1:Org2+DemoX+682526","682526 (medium)","682526","block-v1:course-v1:Org2+DemoX+682526+type@problem+block@6399c9ea","Problem 41","2:8:2 - Problem 41","41","68195b77-86d9-4a90-988e-ec5f38d3a929","hint"
"2021-12-26 06:29:12","Org2","course-v1:Org2+DemoX+682526","682526 (medium)","682526","block-v1:course-v1:Org2+DemoX+682526+type@problem+block@4906755c","Problem 56","2:5:0 - Problem 56","56","a28e2d80-0b93-4730-973f-15f8b18696de","answer"
"2021-12-29 22:22:06","Org2","course-v1:Org2+DemoX+682526","682526 (medium)","682526","block-v1:course-v1:Org2+DemoX+682526+type@problem+block@d93a5018","Problem 33","2:8:2 - Problem 33","33","8cdaa227-33f8-4d0c-8996-b75373f7394b","answer"
"2021-12-30 06:49:05","Org2","course-v1:Org2+DemoX+682526","682526 (medium)","682526","block-v1:course-v1:Org2+DemoX+682526+type@problem+block@ea408285","Problem 58","2:11:1 - Problem 58","58","9066f98a-4696-4dab-9de6-1c04a769f9ac","answer"
"2021-12-31 00:46:57","Org2","course-v1:Org2+DemoX+682526","682526 (medium)","682526","block-v1:course-v1:Org2+DemoX+682526+type@problem+block@6305bf7e","Problem 30","4:0:0 - Problem 30","30","a28e2d80-0b93-4730-973f-15f8b18696de","answer"
"2021-12-31 02:29:24","Org2","course-v1:Org2+DemoX+682526","682526 (medium)","682526","block-v1:course-v1:Org2+DemoX+682526+type@problem+block@85e7fe3d","Problem 53","4:0:0 - Problem 53","53","c838016f-6640-44d9-a038-33a7cc4018a9","hint"
"2021-12-31 09:26:10","Org2","course-v1:Org2+DemoX+682526","682526 (medium)","682526","block-v1:course-v1:Org2+DemoX+682526+type@problem+block@d0d6bcae","Problem 57","2:13:2 - Problem 57","57","c838016f-6640-44d9-a038-33a7cc4018a9","answer"
"2022-01-02 19:55:48","Org2","course-v1:Org2+DemoX+682526","682526 (medium)","682526","block-v1:course-v1:Org2+DemoX+682526+type@problem+block@2506ae21","Problem 43","2:7:0 - Problem 43","43","c3ba8c7b-9b3a-49e3-b54a-4573613dc392","answer"
"2022-01-02 22:46:56","Org2","course-v1:Org2+DemoX+682526","682526 (medium)","682526","block-v1:course-v1:Org2+DemoX+682526+type@problem+block@859dbd9f","Problem 23","2:10:0 - Problem 23","23","68195b77-86d9-4a90-988e-ec5f38d3a929","answer"
"2022-01-03 14:35:33","Org2","course-v1:Org2+DemoX+682526","682526 (medium)","682526","block-v1:course-v1:Org2+DemoX+682526+type@problem+block@80e6f47d","Problem 31","4:2:0 - Problem 31","31","ed2421ea-45e4-4610-85b1-d58b2cdf628a","answer"
"2022-01-03 00:50:57","Org2","course-v1:Org2+DemoX+e4380c","e4380c (huge)","e4380c","block-v1:course-v1:Org2+DemoX+e4380c+type@problem+block@2e3d81fe","Problem 50","7:0:0 - Problem 50","50","f360e005-29c1-4ad8-92a8-308d7047dc6e","answer"
"2022-01-06 04:32:30","Org2","course-v1:Org2+DemoX+e4380c","e4380c (huge)","e4380c","block-v1:course-v1:Org2+DemoX+e4380c+type@problem+block@b04b3c8c","Problem 183","6:7:0 - Problem 183","183","e6e3c0f5-1a3a-4bcc-a3dd-fe2801585240","answer"
"2022-01-07 14:34:56","Org2","course-v1:Org2+DemoX+e4380c","e4380c (huge)","e4380c","block-v1:course-v1:Org2+DemoX+e4380c+type@problem+block@ab029268","Problem 95","6:0:1 - Problem 95","95","f8b778fb-aff9-4b63-8fe3-d578f3891dd8","answer"
"2022-02-08 22:42:32","Org2","course-v1:Org2+DemoX+e4380c","e4380c (huge)","e4380c","block-v1:course-v1:Org2+DemoX+e4380c+type@problem+block@bc4dd781","Problem 184","7:7:4 - Problem 184","184","2f34c036-b8b2-4cf2-8180-1044c4e231ae","answer"
"2022-02-09 01:19:50","Org2","course-v1:Org2+DemoX+e4380c","e4380c (huge)","e4380c","block-v1:course-v1:Org2+DemoX+e4380c+type@problem+block@701f5f71","Problem 60","7:4:0 - Problem 60","60","3044ff34-06c7-4d33-bfe3-405b0f05b984","answer"
"2022-02-18 23:59:36","Org2","course-v1:Org2+DemoX+e4380c","e4380c (huge)","e4380c","block-v1:course-v1:Org2+DemoX+e4380c+type@problem+block@1cac9797","Problem 74","1:1:0 - Problem 74","74","58d4edfa-97c1-42ba-9ea4-3428c4e3cad9","answer"
"2022-02-24 11:14:15","Org2","course-v1:Org2+DemoX+e4380c","e4380c (huge)","e4380c","block-v1:course-v1:Org2+DemoX+e4380c+type@problem+block@701f5f71","Problem 60","7:4:0 - Problem 60","60","f360e005-29c1-4ad8-92a8-308d7047dc6e","answer"
"2022-02-25 21:39:06","Org2","course-v1:Org2+DemoX+e4380c","e4380c (huge)","e4380c","block-v1:course-v1:Org2+DemoX+e4380c+type@problem+block@3d4bfec9","Problem 65","7:4:0 - Problem 65","65","f360e005-29c1-4ad8-92a8-308d7047dc6e","answer"
"2022-02-26 11:23:45","Org2","course-v1:Org2+DemoX+e4380c","e4380c (huge)","e4380c","block-v1:course-v1:Org2+DemoX+e4380c+type@problem+block@6a8c0e7d","Problem 70","8:1:0 - Problem 70","70","68195b77-86d9-4a90-988e-ec5f38d3a929","answer"
"2022-03-02 08:29:39","Org2","course-v1:Org2+DemoX+e4380c","e4380c (huge)","e4380c","block-v1:course-v1:Org2+DemoX+e4380c+type@problem+block@bf4e6b9e","Problem 133","5:0:12 - Problem 133","133","47f03e71-bf89-470b-8cb5-8affbc109aff","answer"
"2019-09-07 22:24:13","Org3","course-v1:Org3+DemoX+528fdd","528fdd (small)","528fdd","block-v1:course-v1:Org3+DemoX+528fdd+type@problem+block@383bca86","Problem 27","1:7:1 - Problem 27","27","47f03e71-bf89-470b-8cb5-8affbc109aff","answer"
"2019-10-14 04:18:45","Org3","course-v1:Org3+DemoX+528fdd","528fdd (small)","528fdd","block-v1:course-v1:Org3+DemoX+528fdd+type@problem+block@383bca86","Problem 27","1:7:1 - Problem 27","27","33909a28-f02d-414f-9794-58bfb18cb977","answer"
"2019-11-05 23:04:10","Org3","course-v1:Org3+DemoX+528fdd","528fdd (small)","528fdd","block-v1:course-v1:Org3+DemoX+528fdd+type@problem+block@e406b6a4","Problem 22","3:1:0 - Problem 22","22","9066f98a-4696-4dab-9de6-1c04a769f9ac","answer"
"2019-11-08 00:17:55","Org3","course-v1:Org3+DemoX+528fdd","528fdd (small)","528fdd","block-v1:course-v1:Org3+DemoX+528fdd+type@problem+block@46bf768c","Problem 21","2:0:0 - Problem 21","21","c838016f-6640-44d9-a038-33a7cc4018a9","answer"
"2019-11-09 00:37:38","Org3","course-v1:Org3+DemoX+528fdd","528fdd (small)","528fdd","block-v1:course-v1:Org3+DemoX+528fdd+type@problem+block@46bf768c","Problem 21","2:0:0 - Problem 21","21","43e0dba8-fc43-4567-824d-68bfabb1f312","answer"
"2019-11-10 01:38:06","Org3","course-v1:Org3+DemoX+528fdd","528fdd (small)","528fdd","block-v1:course-v1:Org3+DemoX+528fdd+type@problem+block@d432adaf","Problem 28","3:1:0 - Problem 28","28","9fa89875-36d7-465e-9bae-a05c0e252db4","answer"
"2019-11-12 14:40:23","Org3","course-v1:Org3+DemoX+528fdd","528fdd (small)","528fdd","block-v1:course-v1:Org3+DemoX+528fdd+type@problem+block@3e510d33","Problem 11","2:0:2 - Problem 11","11","fbfb0998-6d7e-4047-9235-266965fda410","answer"
"2019-11-15 16:57:32","Org3","course-v1:Org3+DemoX+528fdd","528fdd (small)","528fdd","block-v1:course-v1:Org3+DemoX+528fdd+type@problem+block@08c48231","Problem 23","3:3:0 - Problem 23","23","9066f98a-4696-4dab-9de6-1c04a769f9ac","answer"
"2019-11-19 11:05:51","Org3","course-v1:Org3+DemoX+528fdd","528fdd (small)","528fdd","block-v1:course-v1:Org3+DemoX+528fdd+type@problem+block@a496b98d","Problem 19","3:3:0 - Problem 19","19","9e2f08c5-77f0-4508-99c6-88549bf7c0b4","answer"
"2019-11-20 14:13:18","Org3","course-v1:Org3+DemoX+528fdd","528fdd (small)","528fdd","block-v1:course-v1:Org3+DemoX+528fdd+type@problem+block@d983e182","Problem 17","1:4:2 - Problem 17","17","49a47dcd-f33e-4ad5-9416-a248494a85af","answer"
"2019-11-20 19:34:23","Org3","course-v1:Org3+DemoX+528fdd","528fdd (small)","528fdd","block-v1:course-v1:Org3+DemoX+528fdd+type@problem+block@f9475bab","Problem 30","2:0:4 - Problem 30","30","9fa89875-36d7-465e-9bae-a05c0e252db4","answer"
"2019-11-22 10:50:43","Org3","course-v1:Org3+DemoX+528fdd","528fdd (small)","528fdd","block-v1:course-v1:Org3+DemoX+528fdd+type@problem+block@33cff94e","Problem 25","1:7:1 - Problem 25","25","49a47dcd-f33e-4ad5-9416-a248494a85af","answer"
"2019-11-22 23:58:27","Org3","course-v1:Org3+DemoX+528fdd","528fdd (small)","528fdd","block-v1:course-v1:Org3+DemoX+528fdd+type@problem+block@7d570e53","Problem 29","3:3:0 - Problem 29","29","43e0dba8-fc43-4567-824d-68bfabb1f312","answer"
"2019-11-23 03:09:20","Org3","course-v1:Org3+DemoX+528fdd","528fdd (small)","528fdd","block-v1:course-v1:Org3+DemoX+528fdd+type@problem+block@08c48231","Problem 23","3:3:0 - Problem 23","23","465fe6bb-9894-4480-b8ef-e54d97d77fea","answer"
"2019-12-01 22:05:47","Org3","course-v1:Org3+DemoX+528fdd","528fdd (small)","528fdd","block-v1:course-v1:Org3+DemoX+528fdd+type@problem+block@33cff94e","Problem 25","1:7:1 - Problem 25","25","c838016f-6640-44d9-a038-33a7cc4018a9","answer"
"2019-12-02 18:41:50","Org3","course-v1:Org3+DemoX+528fdd","528fdd (small)","528fdd","block-v1:course-v1:Org3+DemoX+528fdd+type@problem+block@e406b6a4","Problem 22","3:1:0 - Problem 22","22","49d7023e-84c3-4396-9df7-5536b203ac32","answer"
"2019-12-03 19:20:59","Org3","course-v1:Org3+DemoX+528fdd","528fdd (small)","528fdd","block-v1:course-v1:Org3+DemoX+528fdd+type@problem+block@33d691fb","Problem 13","1:6:0 - Problem 13","13","9d97277c-9df9-475e-a231-1af77bf3311f","answer"
"2019-12-04 14:39:29","Org3","course-v1:Org3+DemoX+528fdd","528fdd (small)","528fdd","block-v1:course-v1:Org3+DemoX+528fdd+type@problem+block@9d471a5c","Problem 20","1:2:0 - Problem 20","20","68195b77-86d9-4a90-988e-ec5f38d3a929","answer"
"2019-12-06 10:53:49","Org3","course-v1:Org3+DemoX+528fdd","528fdd (small)","528fdd","block-v1:course-v1:Org3+DemoX+528fdd+type@problem+block@9d471a5c","Problem 20","1:2:0 - Problem 20","20","465fe6bb-9894-4480-b8ef-e54d97d77fea","answer"
"2019-12-08 17:46:55","Org3","course-v1:Org3+DemoX+528fdd","528fdd (small)","528fdd","block-v1:course-v1:Org3+DemoX+528fdd+type@problem+block@33d691fb","Problem 13","1:6:0 - Problem 13","13","d48677ac-2373-457c-8318-30cd736ed206","answer"
"2019-12-08 19:33:52","Org3","course-v1:Org3+DemoX+528fdd","528fdd (small)","528fdd","block-v1:course-v1:Org3+DemoX+528fdd+type@problem+block@c126b470","Problem 12","3:3:0 - Problem 12","12","9d97277c-9df9-475e-a231-1af77bf3311f","answer"
"2019-08-05 22:12:23","Org4","course-v1:Org4+DemoX+0b1656","0b1656 (huge)","0b1656","block-v1:course-v1:Org4+DemoX+0b1656+type@problem+block@ee0499ca","Problem 140","4:2:1 - Problem 140","140","d44a9bd9-6afe-4f1c-9f21-9aef3194c24a","answer"
"2019-08-14 18:45:28","Org4","course-v1:Org4+DemoX+0b1656","0b1656 (huge)","0b1656","block-v1:course-v1:Org4+DemoX+0b1656+type@problem+block@4dda5871","Problem 129","8:2:1 - Problem 129","129","2c2553fa-e3c2-40d9-82f4-ce6b8bdc85cf","answer"
"2019-08-23 02:04:34","Org4","course-v1:Org4+DemoX+0b1656","0b1656 (huge)","0b1656","block-v1:course-v1:Org4+DemoX+0b1656+type@problem+block@00359264","Problem 143","4:10:0 - Problem 143","143","494ed100-58c9-4510-b39a-f7093ea8e906","hint"
"2019-08-28 09:30:42","Org4","course-v1:Org4+DemoX+0b1656","0b1656 (huge)","0b1656","block-v1:course-v1:Org4+DemoX+0b1656+type@problem+block@ecd5ac28","Problem 178","6:11:0 - Problem 178","178","33909a28-f02d-414f-9794-58bfb18cb977","answer"
"2019-09-10 02:32:25","Org4","course-v1:Org4+DemoX+0b1656","0b1656 (huge)","0b1656","block-v1:course-v1:Org4+DemoX+0b1656+type@problem+block@99b98761","Problem 111","6:2:3 - Problem 111","111","154fd129-9ceb-4303-9984-d7736031117b","answer"
"2019-09-25 12:07:05","Org4","course-v1:Org4+DemoX+0b1656","0b1656 (huge)","0b1656","block-v1:course-v1:Org4+DemoX+0b1656+type@problem+block@17b5ce30","Problem 155","6:7:0 - Problem 155","155","3058e600-5bee-4018-920e-52a311963d88","answer"
"2019-09-30 19:19:19","Org4","course-v1:Org4+DemoX+0b1656","0b1656 (huge)","0b1656","block-v1:course-v1:Org4+DemoX+0b1656+type@problem+block@1edf369b","Problem 187","6:12:5 - Problem 187","187","668402da-eccf-4daf-b931-4c5948668f84","answer"
"2019-10-03 14:21:20","Org4","course-v1:Org4+DemoX+0b1656","0b1656 (huge)","0b1656","block-v1:course-v1:Org4+DemoX+0b1656+type@problem+block@c4bf6c36","Problem 149","6:2:3 - Problem 149","149","a15dee08-edd3-4b54-98b2-e7d2f60a4c19","answer"
"2019-10-04 15:12:30","Org4","course-v1:Org4+DemoX+0b1656","0b1656 (huge)","0b1656","block-v1:course-v1:Org4+DemoX+0b1656+type@problem+block@1edf369b","Problem 187","6:12:5 - Problem 187","187","494ed100-58c9-4510-b39a-f7093ea8e906","hint"
"2019-10-11 23:09:04","Org4","course-v1:Org4+DemoX+0b1656","0b1656 (huge)","0b1656","block-v1:course-v1:Org4+DemoX+0b1656+type@problem+block@08870b79","Problem 133","6:11:0 - Problem 133","133","668402da-eccf-4daf-b931-4c5948668f84","hint"
"2019-10-12 02:30:26","Org4","course-v1:Org4+DemoX+0b1656","0b1656 (huge)","0b1656","block-v1:course-v1:Org4+DemoX+0b1656+type@problem+block@6c752db8","Problem 75","10:8:0 - Problem 75","75","c838016f-6640-44d9-a038-33a7cc4018a9","answer"
"2021-06-18 05:42:57","Org4","course-v1:Org4+DemoX+db4c73","db4c73 (large)","db4c73","block-v1:course-v1:Org4+DemoX+db4c73+type@problem+block@f49dbd53","Problem 90","2:11:0 - Problem 90","90","bc9d00aa-2239-4a94-90de-b3ea4d390bc0","answer"
"2021-08-05 08:42:33","Org4","course-v1:Org4+DemoX+db4c73","db4c73 (large)","db4c73","block-v1:course-v1:Org4+DemoX+db4c73+type@problem+block@6aaca196","Problem 62","5:2:0 - Problem 62","62","ac483c85-5bcc-41d1-8aad-3d84305ee3a5","answer"
"2021-08-24 18:01:22","Org4","course-v1:Org4+DemoX+db4c73","db4c73 (large)","db4c73","block-v1:course-v1:Org4+DemoX+db4c73+type@problem+block@86327265","Problem 42","2:17:0 - Problem 42","42","f360e005-29c1-4ad8-92a8-308d7047dc6e","answer"
"2021-08-27 12:37:51","Org4","course-v1:Org4+DemoX+db4c73","db4c73 (large)","db4c73","block-v1:course-v1:Org4+DemoX+db4c73+type@problem+block@2ea6ca30","Problem 70","2:0:0 - Problem 70","70","9066f98a-4696-4dab-9de6-1c04a769f9ac","answer"
"2021-08-28 07:55:47","Org4","course-v1:Org4+DemoX+db4c73","db4c73 (large)","db4c73","block-v1:course-v1:Org4+DemoX+db4c73+type@problem+block@0ee6f538","Problem 56","2:0:1 - Problem 56","56","c85ec8e1-26e4-41c5-bf0f-ce4d10e5b3b1","answer"
"2021-08-30 09:58:43","Org4","course-v1:Org4+DemoX+db4c73","db4c73 (large)","db4c73","block-v1:course-v1:Org4+DemoX+db4c73+type@problem+block@3a5139e7","Problem 80","5:4:5 - Problem 80","80","3760462a-fbb0-45dc-b5e5-76e6c60c72e1","answer"
"2021-09-03 08:32:14","Org4","course-v1:Org4+DemoX+db4c73","db4c73 (large)","db4c73","block-v1:course-v1:Org4+DemoX+db4c73+type@problem+block@386c4f07","Problem 53","1:3:1 - Problem 53","53","6c0eb8ab-6be1-47d2-bd0d-cf507fd763dc","answer"
"2021-09-03 12:04:49","Org4","course-v1:Org4+DemoX+db4c73","db4c73 (large)","db4c73","block-v1:course-v1:Org4+DemoX+db4c73+type@problem+block@9f748391","Problem 97","4:0:0 - Problem 97","97","7924fe6c-4fb8-4c08-83c8-8c9f770d37d7","answer"
"2021-09-11 10:13:27","Org4","course-v1:Org4+DemoX+db4c73","db4c73 (large)","db4c73","block-v1:course-v1:Org4+DemoX+db4c73+type@problem+block@2a352899","Problem 79","5:7:4 - Problem 79","79","7f9d4c07-e6b8-4d48-b207-08ee0f755933","answer"
"2021-09-14 23:05:49","Org4","course-v1:Org4+DemoX+db4c73","db4c73 (large)","db4c73","block-v1:course-v1:Org4+DemoX+db4c73+type@problem+block@386c4f07","Problem 53","1:3:1 - Problem 53","53","007761a3-b622-4cb9-8461-b2c6daffb402","answer"
"2023-09-12 00:47:37","Org7","course-v1:Org7+DemoX+57295b","57295b (medium)","57295b","block-v1:course-v1:Org7+DemoX+57295b+type@problem+block@f40a7fa3","Problem 26","4:12:0 - Problem 26","26","9066f98a-4696-4dab-9de6-1c04a769f9ac","answer"
"2023-09-16 18:41:27","Org7","course-v1:Org7+DemoX+57295b","57295b (medium)","57295b","block-v1:course-v1:Org7+DemoX+57295b+type@problem+block@e6307efd","Problem 32","4:14:1 - Problem 32","32","7924fe6c-4fb8-4c08-83c8-8c9f770d37d7","answer"
"2023-10-19 14:23:02","Org7","course-v1:Org7+DemoX+57295b","57295b (medium)","57295b","block-v1:course-v1:Org7+DemoX+57295b+type@problem+block@f52cebe1","Problem 21","4:11:0 - Problem 21","21","f5975641-7160-4d20-9989-c7f9a993d32c","answer"
"2023-10-24 13:07:51","Org7","course-v1:Org7+DemoX+57295b","57295b (medium)","57295b","block-v1:course-v1:Org7+DemoX+57295b+type@problem+block@80002dd6","Problem 55","4:14:3 - Problem 55","55","39762ebc-1c5b-4ae9-8694-758f6a74b8f3","answer"
"2023-11-06 21:29:19","Org7","course-v1:Org7+DemoX+57295b","57295b (medium)","57295b","block-v1:course-v1:Org7+DemoX+57295b+type@problem+block@80002dd6","Problem 55","4:14:3 - Problem 55","55","272f9b05-b2c8-4755-aa4b-087875c8104b","answer"
"2023-11-16 13:47:49","Org7","course-v1:Org7+DemoX+57295b","57295b (medium)","57295b","block-v1:course-v1:Org7+DemoX+57295b+type@problem+block@9880b32e","Problem 60","4:7:1 - Problem 60","60","d26c103e-89ba-47f0-89b5-0df2141a43b8","answer"
"2023-11-19 06:36:38","Org7","course-v1:Org7+DemoX+57295b","57295b (medium)","57295b","block-v1:course-v1:Org7+DemoX+57295b+type@problem+block@76e50f0b","Problem 25","3:4:2 - Problem 25","25","28613776-d1b8-4d1d-a94f-1095f09efc2b","answer"
"2023-11-25 18:56:35","Org7","course-v1:Org7+DemoX+57295b","57295b (medium)","57295b","block-v1:course-v1:Org7+DemoX+57295b+type@problem+block@0ed4eaa5","Problem 37","4:5:0 - Problem 37","37","8af5a761-d765-4331-8ed3-071c8b282dca","answer"
"2023-11-26 19:35:56","Org7","course-v1:Org7+DemoX+57295b","57295b (medium)","57295b","block-v1:course-v1:Org7+DemoX+57295b+type@problem+block@1cad7432","Problem 33","2:0:2 - Problem 33","33","c3ba8c7b-9b3a-49e3-b54a-4573613dc392","answer"
"2023-11-29 22:19:17","Org7","course-v1:Org7+DemoX+57295b","57295b (medium)","57295b","block-v1:course-v1:Org7+DemoX+57295b+type@problem+block@83b7d43a","Problem 56","4:6:0 - Problem 56","56","d1396620-e0d3-499c-ada0-f3ba27f9463b","answer"
"2023-12-04 22:23:15","Org7","course-v1:Org7+DemoX+57295b","57295b (medium)","57295b","block-v1:course-v1:Org7+DemoX+57295b+type@problem+block@76e50f0b","Problem 25","3:4:2 - Problem 25","25","4e4f1903-4d45-4b85-94d5-af29757b8396","answer"
"2023-12-06 08:26:19","Org7","course-v1:Org7+DemoX+57295b","57295b (medium)","57295b","block-v1:course-v1:Org7+DemoX+57295b+type@problem+block@d511340b","Problem 34","3:3:2 - Problem 34","34","70b53781-f71d-4051-9760-3874b4473a57","answer"
"2023-12-09 05:54:37","Org7","course-v1:Org7+DemoX+57295b","57295b (medium)","57295b","block-v1:course-v1:Org7+DemoX+57295b+type@problem+block@02d5c368","Problem 45","4:5:0 - Problem 45","45","d26c103e-89ba-47f0-89b5-0df2141a43b8","answer"
"2023-12-10 03:14:04","Org7","course-v1:Org7+DemoX+57295b","57295b (medium)","57295b","block-v1:course-v1:Org7+DemoX+57295b+type@problem+block@f52cebe1","Problem 21","4:11:0 - Problem 21","21","d26c103e-89ba-47f0-89b5-0df2141a43b8","answer"
"2023-12-15 14:48:35","Org7","course-v1:Org7+DemoX+57295b","57295b (medium)","57295b","block-v1:course-v1:Org7+DemoX+57295b+type@problem+block@9c5bbf41","Problem 54","3:0:0 - Problem 54","54","9d97277c-9df9-475e-a231-1af77bf3311f","answer"
"2023-12-16 21:53:39","Org7","course-v1:Org7+DemoX+57295b","57295b (medium)","57295b","block-v1:course-v1:Org7+DemoX+57295b+type@problem+block@1f591078","Problem 43","4:4:0 - Problem 43","43","70b53781-f71d-4051-9760-3874b4473a57","answer"
"2023-12-17 17:18:17","Org7","course-v1:Org7+DemoX+57295b","57295b (medium)","57295b","block-v1:course-v1:Org7+DemoX+57295b+type@problem+block@02c0f8e5","Problem 49","4:7:2 - Problem 49","49","43e0dba8-fc43-4567-824d-68bfabb1f312","answer"
"2023-12-18 00:53:13","Org7","course-v1:Org7+DemoX+57295b","57295b (medium)","57295b","block-v1:course-v1:Org7+DemoX+57295b+type@problem+block@19cd8706","Problem 51","3:1:0 - Problem 51","51","4e4f1903-4d45-4b85-94d5-af29757b8396","answer"
"2023-12-20 19:23:16","Org7","course-v1:Org7+DemoX+57295b","57295b (medium)","57295b","block-v1:course-v1:Org7+DemoX+57295b+type@problem+block@fa4f2fed","Problem 44","4:5:0 - Problem 44","44","1efff542-8cfc-4bc9-863d-1bdd3c521515","answer"
"2021-03-06 02:38:48","Org8","course-v1:Org8+DemoX+3fefec","3fefec (medium)","3fefec","block-v1:course-v1:Org8+DemoX+3fefec+type@problem+block@198cfd08","Problem 23","4:8:0 - Problem 23","23","a15dee08-edd3-4b54-98b2-e7d2f60a4c19","answer"
"2021-03-08 01:36:45","Org8","course-v1:Org8+DemoX+3fefec","3fefec (medium)","3fefec","block-v1:course-v1:Org8+DemoX+3fefec+type@problem+block@71a97e77","Problem 32","1:4:3 - Problem 32","32","602fedf5-a7ca-41ce-b14d-7f8945e1969a","answer"
"2021-03-13 02:36:16","Org8","course-v1:Org8+DemoX+3fefec","3fefec (medium)","3fefec","block-v1:course-v1:Org8+DemoX+3fefec+type@problem+block@f026a874","Problem 55","3:3:2 - Problem 55","55","0f764bed-e5da-4d50-89d3-66aac42b50e5","answer"
"2021-03-21 00:14:38","Org8","course-v1:Org8+DemoX+3fefec","3fefec (medium)","3fefec","block-v1:course-v1:Org8+DemoX+3fefec+type@problem+block@36d48255","Problem 39","1:3:0 - Problem 39","39","3760462a-fbb0-45dc-b5e5-76e6c60c72e1","answer"
"2021-03-25 20:56:17","Org8","course-v1:Org8+DemoX+3fefec","3fefec (medium)","3fefec","block-v1:course-v1:Org8+DemoX+3fefec+type@problem+block@156aa0b3","Problem 48","4:7:0 - Problem 48","48","107459eb-506c-4347-93d5-22637996edf1","answer"
"2021-03-26 20:53:50","Org8","course-v1:Org8+DemoX+3fefec","3fefec (medium)","3fefec","block-v1:course-v1:Org8+DemoX+3fefec+type@problem+block@8ab76dda","Problem 37","2:1:0 - Problem 37","37","61570f19-557c-4dbd-9cd2-9f3c573beb4b","answer"
"2021-03-28 16:06:38","Org8","course-v1:Org8+DemoX+3fefec","3fefec (medium)","3fefec","block-v1:course-v1:Org8+DemoX+3fefec+type@problem+block@193017e7","Problem 59","4:7:0 - Problem 59","59","a499a2bb-c627-4916-92d1-f6ae6ac57a71","answer"
"2021-04-01 01:54:16","Org8","course-v1:Org8+DemoX+3fefec","3fefec (medium)","3fefec","block-v1:course-v1:Org8+DemoX+3fefec+type@problem+block@71a97e77","Problem 32","1:4:3 - Problem 32","32","78dc54d4-e68f-4853-b5e3-7a65357fe6ac","answer"
"2021-04-02 03:43:20","Org8","course-v1:Org8+DemoX+3fefec","3fefec (medium)","3fefec","block-v1:course-v1:Org8+DemoX+3fefec+type@problem+block@71a97e77","Problem 32","1:4:3 - Problem 32","32","47f03e71-bf89-470b-8cb5-8affbc109aff","answer"
"2021-04-14 06:24:17","Org8","course-v1:Org8+DemoX+3fefec","3fefec (medium)","3fefec","block-v1:course-v1:Org8+DemoX+3fefec+type@problem+block@f26430bd","Problem 53","3:3:2 - Problem 53","53","0f764bed-e5da-4d50-89d3-66aac42b50e5","answer"
"2021-04-16 04:06:38","Org8","course-v1:Org8+DemoX+3fefec","3fefec (medium)","3fefec","block-v1:course-v1:Org8+DemoX+3fefec+type@problem+block@35841c6a","Problem 54","1:4:3 - Problem 54","54","7924fe6c-4fb8-4c08-83c8-8c9f770d37d7","answer"
"2021-04-22 02:31:16","Org8","course-v1:Org8+DemoX+3fefec","3fefec (medium)","3fefec","block-v1:course-v1:Org8+DemoX+3fefec+type@problem+block@8b27719d","Problem 22","3:3:2 - Problem 22","22","8cdaa227-33f8-4d0c-8996-b75373f7394b","answer"
"2021-04-22 06:44:40","Org8","course-v1:Org8+DemoX+3fefec","3fefec (medium)","3fefec","block-v1:course-v1:Org8+DemoX+3fefec+type@problem+block@73ebed66","Problem 38","4:7:0 - Problem 38","38","fc35c856-a8c5-4110-b4b4-15b2025094d8","answer"
"2021-04-22 14:20:54","Org8","course-v1:Org8+DemoX+3fefec","3fefec (medium)","3fefec","block-v1:course-v1:Org8+DemoX+3fefec+type@problem+block@41a9b8a2","Problem 33","1:5:0 - Problem 33","33","465fe6bb-9894-4480-b8ef-e54d97d77fea","answer"