"emission_time","org","course_key","course_name","course_run","video_id","video_name","video_name_with_location","course_order","actor_id","username","name","email"
"2024-02-20 04:38:05","Org0","course-v1:Org0+DemoX+2bc51b","2bc51b (small)","2bc51b","block-v1:course-v1:Org0+DemoX+2bc51b+type@video+block@8bece230","Video 3","3:3:2 - Video 3","3","3058e600-5bee-4018-920e-52a311963d88","actor_53","Actor 53","actor_53@aspects.invalid"
"2021-06-05 11:28:29","Org1","course-v1:Org1+DemoX+1937e7","1937e7 (large)","1937e7","block-v1:course-v1:Org1+DemoX+1937e7+type@video+block@4c444c3c","Video 11","1:14:0 - Video 11","11","33909a28-f02d-414f-9794-58bfb18cb977","actor_54","Actor 54","actor_54@aspects.invalid"
"2022-03-12 02:05:38","Org2","course-v1:Org2+DemoX+e4380c","e4380c (huge)","e4380c","block-v1:course-v1:Org2+DemoX+e4380c+type@video+block@19dff631","Video 12","2:12:0 - Video 12","12","bc9d00aa-2239-4a94-90de-b3ea4d390bc0","actor_60","Actor 60","actor_60@aspects.invalid"
"2019-11-18 06:36:21","Org3","course-v1:Org3+DemoX+528fdd","528fdd (small)","528fdd","block-v1:course-v1:Org3+DemoX+528fdd+type@video+block@108f2bd2","Video 3","3:0:0 - Video 3","3","c838016f-6640-44d9-a038-33a7cc4018a9","actor_17","Actor 17","actor_17@aspects.invalid"
"2021-04-02 02:13:04","Org8","course-v1:Org8+DemoX+3fefec","3fefec (medium)","3fefec","block-v1:course-v1:Org8+DemoX+3fefec+type@video+block@15aac843","Video 8","1:4:3 - Video 8","8","47f03e71-bf89-470b-8cb5-8affbc109aff","actor_11","Actor 11","actor_11@aspects.invalid"