"org","course_key","actor_id","course_grade","emission_time"
"Org0","course-v1:Org0+DemoX+2bc51b","1bf5ad2e-5eb7-4209-bb1c-ca2f4c8826e0","0.9523809523809523","2024-03-02 07:57:47"
"Org0","course-v1:Org0+DemoX+2bc51b","2369d68b-899d-458a-b780-77ebf4e5f4c3","0.7422680412371134","2024-03-09 17:33:29"
"Org0","course-v1:Org0+DemoX+2bc51b","273d802c-af43-4e17-a03c-0dd9da357be1","0.45714285714285713","2024-02-26 15:47:12"
"Org0","course-v1:Org0+DemoX+2bc51b","3c83b6e9-d3d3-4c18-b6d6-956c1d8334a2","0.9841269841269841","2024-02-15 09:45:51"
"Org0","course-v1:Org0+DemoX+2bc51b","44b445b8-97e5-4208-abcd-5e1b08ee9569","0.5","2024-03-12 10:03:24"
"Org0","course-v1:Org0+DemoX+2bc51b","4e0fc096-65d9-4b41-bcbd-564b054e532e","0.0425531914893617","2024-01-27 21:40:19"
"Org0","course-v1:Org0+DemoX+2bc51b","abb4911f-0c4a-4904-8004-aacfeb710346","0.5","2024-02-09 02:22:26"
"Org0","course-v1:Org0+DemoX+2bc51b","b3abecb9-10c6-4cfd-93ae-92883b2ab749","0.8947368421052632","2023-12-21 11:09:43"
"Org0","course-v1:Org0+DemoX+2bc51b","c85ec8e1-26e4-41c5-bf0f-ce4d10e5b3b1","0.9240506329113924","2024-02-23 11:14:00"
"Org0","course-v1:Org0+DemoX+2bc51b","ed2421ea-45e4-4610-85b1-d58b2cdf628a","0.29411764705882354","2024-02-16 11:13:49"
"Org0","course-v1:Org0+DemoX+2bc51b","f376194f-4c5c-4357-aae6-780707fcf36a","0","2024-02-21 17:29:58"
"Org0","course-v1:Org0+DemoX+2bc51b","f5975641-7160-4d20-9989-c7f9a993d32c","0.925","2024-02-28 10:00:34"
"Org0","course-v1:Org0+DemoX+81bba1","100752b0-091b-40a3-9087-52f0d4aaeb8c","0.2727272727272727","2020-10-02 10:39:56"
"Org0","course-v1:Org0+DemoX+81bba1","1efff542-8cfc-4bc9-863d-1bdd3c521515","0.38461538461538464","2020-08-18 01:32:55"
"Org0","course-v1:Org0+DemoX+81bba1","273d802c-af43-4e17-a03c-0dd9da357be1","0.3157894736842105","2020-09-29 21:02:35"
"Org0","course-v1:Org0+DemoX+81bba1","2f34c036-b8b2-4cf2-8180-1044c4e231ae","0.97","2020-08-19 09:55:20"
"Org0","course-v1:Org0+DemoX+81bba1","5acd076a-e3f8-48e6-9c13-aad953166b68","0.09333333333333334","2020-08-16 17:39:29"
"Org0","course-v1:Org0+DemoX+81bba1","9e2f08c5-77f0-4508-99c6-88549bf7c0b4","0.45","2020-09-28 05:18:47"
"Org0","course-v1:Org0+DemoX+81bba1","c838016f-6640-44d9-a038-33a7cc4018a9","0.9054054054054054","2020-09-16 09:48:10"
"Org1","course-v1:Org1+DemoX+1937e7","272f9b05-b2c8-4755-aa4b-087875c8104b","0.75","2021-07-28 17:01:18"
"Org1","course-v1:Org1+DemoX+1937e7","2f34c036-b8b2-4cf2-8180-1044c4e231ae","0.5555555555555556","2021-06-08 23:03:09"
"Org1","course-v1:Org1+DemoX+1937e7","3c83b6e9-d3d3-4c18-b6d6-956c1d8334a2","0.3333333333333333","2021-07-11 11:57:37"
"Org1","course-v1:Org1+DemoX+1937e7","3f5c36e9-d6ac-422d-9c83-ca3f1d38aa71","0","2021-07-27 06:30:19"
"Org1","course-v1:Org1+DemoX+1937e7","44b445b8-97e5-4208-abcd-5e1b08ee9569","0.42528735632183906","2021-07-01 18:31:57"
"Org1","course-v1:Org1+DemoX+1937e7","510eda4f-80fe-4a8c-9dd6-349415991e6d","0.9333333333333333","2021-07-06 05:58:00"
"Org1","course-v1:Org1+DemoX+1937e7","63c1c83c-725c-47cf-8686-4775d5fa0cf9","0.0425531914893617","2021-07-14 01:22:24"
"Org1","course-v1:Org1+DemoX+1937e7","9066f98a-4696-4dab-9de6-1c04a769f9ac","0","2021-07-11 04:26:08"
"Org1","course-v1:Org1+DemoX+1937e7","9fa89875-36d7-465e-9bae-a05c0e252db4","0.55","2021-07-18 20:34:16"
"Org1","course-v1:Org1+DemoX+1937e7","a15dee08-edd3-4b54-98b2-e7d2f60a4c19","0.2823529411764706","2021-06-17 12:59:49"
"Org1","course-v1:Org1+DemoX+1937e7","a499a2bb-c627-4916-92d1-f6ae6ac57a71","0.945054945054945","2021-07-29 08:50:10"
"Org1","course-v1:Org1+DemoX+1937e7","baba0235-70c8-45a8-a1e1-72477205b858","0.6527777777777778","2021-07-30 17:06:48"
"Org1","course-v1:Org1+DemoX+1937e7","d9d644d5-2619-4c87-8ce3-f3efae37c2b8","0.125","2021-07-06 13:41:30"
"Org1","course-v1:Org1+DemoX+1937e7","e6e3c0f5-1a3a-4bcc-a3dd-fe2801585240","0.4583333333333333","2021-07-23 03:33:57"
"Org2","course-v1:Org2+DemoX+682526","107459eb-506c-4347-93d5-22637996edf1","0.9655172413793104","2021-12-30 15:58:03"
"Org2","course-v1:Org2+DemoX+682526","44b445b8-97e5-4208-abcd-5e1b08ee9569","0.35294117647058826","2021-12-04 11:33:59"
"Org2","course-v1:Org2+DemoX+682526","49a47dcd-f33e-4ad5-9416-a248494a85af","0.47368421052631576","2021-12-14 16:05:55"
"Org2","course-v1:Org2+DemoX+682526","4e4f1903-4d45-4b85-94d5-af29757b8396","0.9166666666666666","2021-12-31 12:45:01"
"Org2","course-v1:Org2+DemoX+682526","8af5a761-d765-4331-8ed3-071c8b282dca","0.3333333333333333","2021-12-01 18:37:19"
"Org2","course-v1:Org2+DemoX+682526","9344e7e6-2388-4b1b-b6b8-5040aad08ff7","1","2021-11-05 10:50:55"
"Org2","course-v1:Org2+DemoX+682526","9e2f08c5-77f0-4508-99c6-88549bf7c0b4","0.6060606060606061","2022-01-07 07:23:56"
"Org2","course-v1:Org2+DemoX+682526","bc9d00aa-2239-4a94-90de-b3ea4d390bc0","0.803921568627451","2021-12-28 10:13:01"
"Org2","course-v1:Org2+DemoX+682526","d9d644d5-2619-4c87-8ce3-f3efae37c2b8","0.0975609756097561","2022-01-05 19:22:53"
"Org2","course-v1:Org2+DemoX+682526","e6e3c0f5-1a3a-4bcc-a3dd-fe2801585240","0.05357142857142857","2021-12-20 23:24:24"
"Org2","course-v1:Org2+DemoX+682526","ed2421ea-45e4-4610-85b1-d58b2cdf628a","1","2022-01-05 00:38:53"
"Org2","course-v1:Org2+DemoX+682526","f5975641-7160-4d20-9989-c7f9a993d32c","0","2021-12-29 04:09:26"
"Org2","course-v1:Org2+DemoX+e4380c","060967b4-0899-411a-abba-2fa9528211d9","0.3333333333333333","2022-03-12 03:19:12"
"Org2","course-v1:Org2+DemoX+e4380c","1479a01b-d058-4b00-89cf-3e51531f3fb8","0.2558139534883721","2022-02-03 03:38:51"
"Org2","course-v1:Org2+DemoX+e4380c","14f0b50a-e45e-496f-9511-7437473dba2f","0.9","2022-02-16 20:50:57"
"Org2","course-v1:Org2+DemoX+e4380c","154fd129-9ceb-4303-9984-d7736031117b","0.4235294117647059","2021-12-19 01:38:39"
"Org2","course-v1:Org2+DemoX+e4380c","168168ea-84e1-4e8c-8e36-db11d23eb1b8","0.9736842105263158","2022-03-10 16:00:16"
"Org2","course-v1:Org2+DemoX+e4380c","1bf5ad2e-5eb7-4209-bb1c-ca2f4c8826e0","0.7971014492753623","2022-03-08 22:02:57"
"Org2","course-v1:Org2+DemoX+e4380c","3044ff34-06c7-4d33-bfe3-405b0f05b984","0.2","2022-02-23 15:32:09"
"Org2","course-v1:Org2+DemoX+e4380c","33909a28-f02d-414f-9794-58bfb18cb977","0.16923076923076924","2022-02-23 01:36:33"
"Org2","course-v1:Org2+DemoX+e4380c","39762ebc-1c5b-4ae9-8694-758f6a74b8f3","0.203125","2022-03-10 03:23:14"
"Org2","course-v1:Org2+DemoX+e4380c","47f03e71-bf89-470b-8cb5-8affbc109aff","0.2222222222222222","2022-02-25 09:11:16"
"Org2","course-v1:Org2+DemoX+e4380c","61570f19-557c-4dbd-9cd2-9f3c573beb4b","0.34375","2022-03-07 16:50:59"
"Org2","course-v1:Org2+DemoX+e4380c","8af5a761-d765-4331-8ed3-071c8b282dca","0.41304347826086957","2021-12-28 08:00:26"
"Org2","course-v1:Org2+DemoX+e4380c","8d500f3f-f97a-4c45-b786-c814ced84bff","0.7037037037037037","2021-12-29 07:59:57"
"Org2","course-v1:Org2+DemoX+e4380c","a5a50fa7-26c3-405d-95bb-d1b351ffa191","0.9491525423728814","2022-02-11 14:03:00"
"Org2","course-v1:Org2+DemoX+e4380c","c9d7fefc-f8bd-4162-8a2c-bdba6da6b624","0.32558139534883723","2022-02-13 19:10:54"
"Org2","course-v1:Org2+DemoX+e4380c","f360e005-29c1-4ad8-92a8-308d7047dc6e","0.5","2022-02-10 04:52:18"
"Org2","course-v1:Org2+DemoX+e4380c","f8b778fb-aff9-4b63-8fe3-d578f3891dd8","1","2021-12-13 07:00:13"
"Org3","course-v1:Org3+DemoX+528fdd","3f5c36e9-d6ac-422d-9c83-ca3f1d38aa71","0","2019-10-22 22:26:25"
"Org3","course-v1:Org3+DemoX+528fdd","43e0dba8-fc43-4567-824d-68bfabb1f312","1","2019-11-24 00:00:12"
"Org3","course-v1:Org3+DemoX+528fdd","465fe6bb-9894-4480-b8ef-e54d97d77fea","0","2019-11-20 13:49:47"
"Org3","course-v1:Org3+DemoX+528fdd","49a47dcd-f33e-4ad5-9416-a248494a85af","0.8333333333333334","2019-12-04 20:09:37"
"Org3","course-v1:Org3+DemoX+528fdd","9e2f08c5-77f0-4508-99c6-88549bf7c0b4","0.8611111111111112","2019-10-18 09:21:54"
"Org3","course-v1:Org3+DemoX+528fdd","9fa89875-36d7-465e-9bae-a05c0e252db4","0.14285714285714285","2019-11-28 00:41:08"
"Org3","course-v1:Org3+DemoX+528fdd","c217b4e2-3bf7-44db-9193-e1abbd905533","0.2727272727272727","2019-11-19 20:36:08"
"Org3","course-v1:Org3+DemoX+528fdd","c838016f-6640-44d9-a038-33a7cc4018a9","0.9722222222222222","2019-11-23 01:27:41"
"Org3","course-v1:Org3+DemoX+528fdd","c9d7fefc-f8bd-4162-8a2c-bdba6da6b624","0.09782608695652174","2019-12-09 12:59:07"
"Org3","course-v1:Org3+DemoX+528fdd","d48677ac-2373-457c-8318-30cd736ed206","0.6379310344827587","2019-11-22 01:07:06"
"Org4","course-v1:Org4+DemoX+0b1656","060967b4-0899-411a-abba-2fa9528211d9","1","2019-10-06 19:31:46"
"Org4","course-v1:Org4+DemoX+0b1656","100752b0-091b-40a3-9087-52f0d4aaeb8c","1","2019-10-02 21:06:02"
"Org4","course-v1:Org4+DemoX+0b1656","1bf5ad2e-5eb7-4209-bb1c-ca2f4c8826e0","0.25862068965517243","2019-09-22 20:50:58"
"Org4","course-v1:Org4+DemoX+0b1656","3760462a-fbb0-45dc-b5e5-76e6c60c72e1","0.9636363636363636","2019-09-05 22:04:51"
"Org4","course-v1:Org4+DemoX+0b1656","3ae0a6e3-21af-4185-b3f1-c7125d1c2ac3","0.1724137931034483","2019-10-01 14:24:07"
"Org4","course-v1:Org4+DemoX+0b1656","43e0dba8-fc43-4567-824d-68bfabb1f312","0.21212121212121213","2019-07-08 23:55:34"
"Org4","course-v1:Org4+DemoX+0b1656","47f03e71-bf89-470b-8cb5-8affbc109aff","0.631578947368421","2019-09-09 11:41:04"
"Org4","course-v1:Org4+DemoX+0b1656","4e4f1903-4d45-4b85-94d5-af29757b8396","0.14285714285714285","2019-07-28 08:23:52"
"Org4","course-v1:Org4+DemoX+0b1656","78dc54d4-e68f-4853-b5e3-7a65357fe6ac","0.21739130434782608","2019-10-03 02:59:34"
"Org4","course-v1:Org4+DemoX+0b1656","829a9444-ced3-4273-9e4b-e8a8bb790c48","0.10204081632653061","2019-09-30 13:11:31"
"Org4","course-v1:Org4+DemoX+0b1656","8cdaa227-33f8-4d0c-8996-b75373f7394b","0.9523809523809523","2019-08-16 19:06:11"
"Org4","course-v1:Org4+DemoX+0b1656","a1de350b-e587-4b57-8fc3-48feb69fd890","0.8717948717948718","2019-08-14 21:57:51"
"Org4","course-v1:Org4+DemoX+0b1656","abb4911f-0c4a-4904-8004-aacfeb710346","0.21568627450980393","2019-08-20 04:43:18"
"Org4","course-v1:Org4+DemoX+0b1656","ac01d5b9-84a7-4df4-bfba-e91dcfad1c14","0.8526315789473684","2019-10-06 08:54:14"
"Org4","course-v1:Org4+DemoX+0b1656","d48677ac-2373-457c-8318-30cd736ed206","0","2019-10-07 19:16:02"
"Org4","course-v1:Org4+DemoX+0b1656","f360e005-29c1-4ad8-92a8-308d7047dc6e","0.3723404255319149","2019-09-11 10:42:56"
"Org4","course-v1:Org4+DemoX+0b1656","f5975641-7160-4d20-9989-c7f9a993d32c","0.7777777777777778","2019-09-12 07:39:30"
"Org4","course-v1:Org4+DemoX+0b1656","fc35c856-a8c5-4110-b4b4-15b2025094d8","0.5535714285714286","2019-08-19 20:27:06"
"Org4","course-v1:Org4+DemoX+db4c73","0f764bed-e5da-4d50-89d3-66aac42b50e5","0.17857142857142858","2021-09-18 00:19:01"
"Org4","course-v1:Org4+DemoX+db4c73","10063b09-875d-4c3b-8b9c-283aef97a348","0.9047619047619048","2021-08-09 09:04:46"
"Org4","course-v1:Org4+DemoX+db4c73","107459eb-506c-4347-93d5-22637996edf1","0.29411764705882354","2021-08-16 00:10:13"
"Org4","course-v1:Org4+DemoX+db4c73","272f9b05-b2c8-4755-aa4b-087875c8104b","0.2727272727272727","2021-09-03 08:51:59"
"Org4","course-v1:Org4+DemoX+db4c73","3058e600-5bee-4018-920e-52a311963d88","0.7857142857142857","2021-08-03 14:26:15"
"Org4","course-v1:Org4+DemoX+db4c73","3c83b6e9-d3d3-4c18-b6d6-956c1d8334a2","0.21739130434782608","2021-06-15 19:29:47"
"Org4","course-v1:Org4+DemoX+db4c73","4e0fc096-65d9-4b41-bcbd-564b054e532e","0.6862745098039216","2021-09-14 07:34:12"
"Org4","course-v1:Org4+DemoX+db4c73","4e4f1903-4d45-4b85-94d5-af29757b8396","0.40425531914893614","2021-09-02 13:46:02"
"Org4","course-v1:Org4+DemoX+db4c73","58d4edfa-97c1-42ba-9ea4-3428c4e3cad9","0.7457627118644068","2021-09-16 14:42:06"
"Org4","course-v1:Org4+DemoX+db4c73","70b53781-f71d-4051-9760-3874b4473a57","0.8867924528301887","2021-09-08 05:14:22"
"Org4","course-v1:Org4+DemoX+db4c73","9344e7e6-2388-4b1b-b6b8-5040aad08ff7","0.6","2021-08-23 13:23:55"
"Org4","course-v1:Org4+DemoX+db4c73","9d97277c-9df9-475e-a231-1af77bf3311f","0.38095238095238093","2021-07-20 07:37:47"
"Org4","course-v1:Org4+DemoX+db4c73","a499a2bb-c627-4916-92d1-f6ae6ac57a71","0.625","2021-09-12 19:25:10"
"Org4","course-v1:Org4+DemoX+db4c73","ac01d5b9-84a7-4df4-bfba-e91dcfad1c14","0.0273972602739726","2021-09-18 11:05:55"
"Org7","course-v1:Org7+DemoX+57295b","0f764bed-e5da-4d50-89d3-66aac42b50e5","0.09090909090909091","2023-12-15 11:12:04"
"Org7","course-v1:Org7+DemoX+57295b","1efff542-8cfc-4bc9-863d-1bdd3c521515","0.5675675675675675","2023-12-20 05:07:30"
"Org7","course-v1:Org7+DemoX+57295b","3ae0a6e3-21af-4185-b3f1-c7125d1c2ac3","0.6111111111111112","2023-12-10 07:41:10"
"Org7","course-v1:Org7+DemoX+57295b","3c83b6e9-d3d3-4c18-b6d6-956c1d8334a2","0.9104477611940298","2023-12-22 16:39:38"
"Org7","course-v1:Org7+DemoX+57295b","43e0dba8-fc43-4567-824d-68bfabb1f312","0.711340206185567","2023-09-17 02:02:42"
"Org7","course-v1:Org7+DemoX+57295b","49a47dcd-f33e-4ad5-9416-a248494a85af","0.3488372093023256","2023-10-02 16:15:16"
"Org7","course-v1:Org7+DemoX+57295b","78dc54d4-e68f-4853-b5e3-7a65357fe6ac","0.09302325581395349","2023-11-29 14:24:49"
"Org7","course-v1:Org7+DemoX+57295b","829a9444-ced3-4273-9e4b-e8a8bb790c48","0.8494623655913979","2023-12-15 04:25:38"
"Org7","course-v1:Org7+DemoX+57295b","95af96c4-e45b-401e-b700-e1f147d36297","0.15853658536585366","2023-12-21 16:27:34"
"Org7","course-v1:Org7+DemoX+57295b","a28e2d80-0b93-4730-973f-15f8b18696de","0.4444444444444444","2023-12-27 05:57:32"
"Org7","course-v1:Org7+DemoX+57295b","bc9d00aa-2239-4a94-90de-b3ea4d390bc0","0.8214285714285714","2023-11-13 15:42:57"
"Org7","course-v1:Org7+DemoX+57295b","d1396620-e0d3-499c-ada0-f3ba27f9463b","1","2023-11-10 07:11:07"
"Org7","course-v1:Org7+DemoX+57295b","fc35c856-a8c5-4110-b4b4-15b2025094d8","0.8571428571428571","2023-12-05 11:01:22"
"Org7","course-v1:Org7+DemoX+57295b","ff10a27a-fe60-41b6-aa8e-823770c210a3","0.3645833333333333","2023-12-03 15:54:23"
"Org8","course-v1:Org8+DemoX+3fefec","0f764bed-e5da-4d50-89d3-66aac42b50e5","0.1","2021-04-10 23:21:35"
"Org8","course-v1:Org8+DemoX+3fefec","33909a28-f02d-414f-9794-58bfb18cb977","0.75","2021-04-12 09:21:01"
"Org8","course-v1:Org8+DemoX+3fefec","3c83b6e9-d3d3-4c18-b6d6-956c1d8334a2","1","2021-03-23 22:47:43"
"Org8","course-v1:Org8+DemoX+3fefec","44b445b8-97e5-4208-abcd-5e1b08ee9569","0.18181818181818182","2021-04-21 01:45:15"
"Org8","course-v1:Org8+DemoX+3fefec","465fe6bb-9894-4480-b8ef-e54d97d77fea","0.9382716049382716","2021-04-19 09:57:38"
"Org8","course-v1:Org8+DemoX+3fefec","6c0eb8ab-6be1-47d2-bd0d-cf507fd763dc","0.6578947368421053","2021-04-06 22:23:38"
"Org8","course-v1:Org8+DemoX+3fefec","9344e7e6-2388-4b1b-b6b8-5040aad08ff7","0.8333333333333334","2021-03-05 00:11:51"
"Org8","course-v1:Org8+DemoX+3fefec","abb4911f-0c4a-4904-8004-aacfeb710346","0.7096774193548387","2021-03-11 05:21:54"
"Org8","course-v1:Org8+DemoX+3fefec","bc9d00aa-2239-4a94-90de-b3ea4d390bc0","0.18333333333333332","2021-04-17 21:51:01"
"Org8","course-v1:Org8+DemoX+3fefec","c9d7fefc-f8bd-4162-8a2c-bdba6da6b624","0","2021-04-20 03:12:51"
"Org8","course-v1:Org8+DemoX+3fefec","fbfb0998-6d7e-4047-9235-266965fda410","0.8095238095238095","2021-02-20 06:41:40"