"user_id","external_user_id","username","name","email"
"0","d1396620-e0d3-499c-ada0-f3ba27f9463b","actor_0","Actor 0","actor_0@aspects.invalid"
"1","8cdaa227-33f8-4d0c-8996-b75373f7394b","actor_1","Actor 1","actor_1@aspects.invalid"
"2","ac483c85-5bcc-41d1-8aad-3d84305ee3a5","actor_2","Actor 2","actor_2@aspects.invalid"
"3","e8b54e57-c400-40d9-bab4-a73f2d4aa7ae","actor_3","Actor 3","actor_3@aspects.invalid"
"4","602fedf5-a7ca-41ce-b14d-7f8945e1969a","actor_4","Actor 4","actor_4@aspects.invalid"
"5","6c0eb8ab-6be1-47d2-bd0d-cf507fd763dc","actor_5","Actor 5","actor_5@aspects.invalid"
"6","2369d68b-899d-458a-b780-77ebf4e5f4c3","actor_6","Actor 6","actor_6@aspects.invalid"
"7","a499a2bb-c627-4916-92d1-f6ae6ac57a71","actor_7","Actor 7","actor_7@aspects.invalid"
"8","9066f98a-4696-4dab-9de6-1c04a769f9ac","actor_8","Actor 8","actor_8@aspects.invalid"
"9","168168ea-84e1-4e8c-8e36-db11d23eb1b8","actor_9","Actor 9","actor_9@aspects.invalid"
"10","f8b778fb-aff9-4b63-8fe3-d578f3891dd8","actor_10","Actor 10","actor_10@aspects.invalid"
"11","47f03e71-bf89-470b-8cb5-8affbc109aff","actor_11","Actor 11","actor_11@aspects.invalid"
"12","154fd129-9ceb-4303-9984-d7736031117b","actor_12","Actor 12","actor_12@aspects.invalid"
"13","58d4edfa-97c1-42ba-9ea4-3428c4e3cad9","actor_13","Actor 13","actor_13@aspects.invalid"
"14","6ef32de8-9503-46ed-9764-559e1df8f75e","actor_14","Actor 14","actor_14@aspects.invalid"
"15","a15dee08-edd3-4b54-98b2-e7d2f60a4c19","actor_15","Actor 15","actor_15@aspects.invalid"
"16","5acd076a-e3f8-48e6-9c13-aad953166b68","actor_16","Actor 16","actor_16@aspects.invalid"
"17","c838016f-6640-44d9-a038-33a7cc4018a9","actor_17","Actor 17","actor_17@aspects.invalid"
"18","ac01d5b9-84a7-4df4-bfba-e91dcfad1c14","actor_18","Actor 18","actor_18@aspects.invalid"
"19","96ab90f0-078f-477c-a011-7eda70eba32a","actor_19","Actor 19","actor_19@aspects.invalid"
"20","d5e4ca2b-d877-4bb5-bb8b-8d51bc76f31a","actor_20","Actor 20","actor_20@aspects.invalid"
"21","510eda4f-80fe-4a8c-9dd6-349415991e6d","actor_21","Actor 21","actor_21@aspects.invalid"
"22","2c29167a-6b35-4a92-9615-84e63516f935","actor_22","Actor 22","actor_22@aspects.invalid"
"23","8d500f3f-f97a-4c45-b786-c814ced84bff","actor_23","Actor 23","actor_23@aspects.invalid"
"24","44b445b8-97e5-4208-abcd-5e1b08ee9569","actor_24","Actor 24","actor_24@aspects.invalid"
"25","272f9b05-b2c8-4755-aa4b-087875c8104b","actor_25","Actor 25","actor_25@aspects.invalid"
"26","3ae0a6e3-21af-4185-b3f1-c7125d1c2ac3","actor_26","Actor 26","actor_26@aspects.invalid"
"27","007761a3-b622-4cb9-8461-b2c6daffb402","actor_27","Actor 27","actor_27@aspects.invalid"
"28","af648aba-2da8-4c60-b982-adfc2f42fe78","actor_28","Actor 28","actor_28@aspects.invalid"
"29","d48677ac-2373-457c-8318-30cd736ed206","actor_29","Actor 29","actor_29@aspects.invalid"
"30","baba0235-70c8-45a8-a1e1-72477205b858","actor_30","Actor 30","actor_30@aspects.invalid"
"31","c9d7fefc-f8bd-4162-8a2c-bdba6da6b624","actor_31","Actor 31","actor_31@aspects.invalid"
"32","4e4f1903-4d45-4b85-94d5-af29757b8396","actor_32","Actor 32","actor_32@aspects.invalid"
"33","2c2553fa-e3c2-40d9-82f4-ce6b8bdc85cf","actor_33","Actor 33","actor_33@aspects.invalid"
"34","9344e7e6-2388-4b1b-b6b8-5040aad08ff7","actor_34","Actor 34","actor_34@aspects.invalid"
"35","49d7023e-84c3-4396-9df7-5536b203ac32","actor_35","Actor 35","actor_35@aspects.invalid"
"36","d26c103e-89ba-47f0-89b5-0df2141a43b8","actor_36","Actor 36","actor_36@aspects.invalid"
"37","2f34c036-b8b2-4cf2-8180-1044c4e231ae","actor_37","Actor 37","actor_37@aspects.invalid"
"38","c85ec8e1-26e4-41c5-bf0f-ce4d10e5b3b1","actor_38","Actor 38","actor_38@aspects.invalid"
"39","c3ba8c7b-9b3a-49e3-b54a-4573613dc392","actor_39","Actor 39","actor_39@aspects.invalid"
"40","28613776-d1b8-4d1d-a94f-1095f09efc2b","actor_40","Actor 40","actor_40@aspects.invalid"
"41","f360e005-29c1-4ad8-92a8-308d7047dc6e","actor_41","Actor 41","actor_41@aspects.invalid"
"42","70b53781-f71d-4051-9760-3874b4473a57","actor_42","Actor 42","actor_42@aspects.invalid"
"43","78dc54d4-e68f-4853-b5e3-7a65357fe6ac","actor_43","Actor 43","actor_43@aspects.invalid"
"44","e6e3c0f5-1a3a-4bcc-a3dd-fe2801585240","actor_44","Actor 44","actor_44@aspects.invalid"
"45","9fa89875-36d7-465e-9bae-a05c0e252db4","actor_45","Actor 45","actor_45@aspects.invalid"
"46","fbfb0998-6d7e-4047-9235-266965fda410","actor_46","Actor 46","actor_46@aspects.invalid"
"47","7924fe6c-4fb8-4c08-83c8-8c9f770d37d7","actor_47","Actor 47","actor_47@aspects.invalid"
"48","3760462a-fbb0-45dc-b5e5-76e6c60c72e1","actor_48","Actor 48","actor_48@aspects.invalid"
"49","ed2421ea-45e4-4610-85b1-d58b2cdf628a","actor_49","Actor 49","actor_49@aspects.invalid"
"50","1bf5ad2e-5eb7-4209-bb1c-ca2f4c8826e0","actor_50","Actor 50","actor_50@aspects.invalid"
"51","3f5c36e9-d6ac-422d-9c83-ca3f1d38aa71","actor_51","Actor 51","actor_51@aspects.invalid"
"52","f5975641-7160-4d20-9989-c7f9a993d32c","actor_52","Actor 52","actor_52@aspects.invalid"
"53","3058e600-5bee-4018-920e-52a311963d88","actor_53","Actor 53","actor_53@aspects.invalid"
"54","33909a28-f02d-414f-9794-58bfb18cb977","actor_54","Actor 54","actor_54@aspects.invalid"
"55","465fe6bb-9894-4480-b8ef-e54d97d77fea","actor_55","Actor 55","actor_55@aspects.invalid"
"56","fc35c856-a8c5-4110-b4b4-15b2025094d8","actor_56","Actor 56","actor_56@aspects.invalid"
"57","95af96c4-e45b-401e-b700-e1f147d36297","actor_57","Actor 57","actor_57@aspects.invalid"
"58","0f764bed-e5da-4d50-89d3-66aac42b50e5","actor_58","Actor 58","actor_58@aspects.invalid"
"59","b3abecb9-10c6-4cfd-93ae-92883b2ab749","actor_59","Actor 59","actor_59@aspects.invalid"
"60","bc9d00aa-2239-4a94-90de-b3ea4d390bc0","actor_60","Actor 60","actor_60@aspects.invalid"
"61","43e0dba8-fc43-4567-824d-68bfabb1f312","actor_61","Actor 61","actor_61@aspects.invalid"
"62","49a47dcd-f33e-4ad5-9416-a248494a85af","actor_62","Actor 62","actor_62@aspects.invalid"
"63","4143359b-4690-4687-a2b8-dbe39f5cb330","actor_63","Actor 63","actor_63@aspects.invalid"
"64","68195b77-86d9-4a90-988e-ec5f38d3a929","actor_64","Actor 64","actor_64@aspects.invalid"
"65","2bb929b4-35ff-427e-9c80-addf897d76e7","actor_65","Actor 65","actor_65@aspects.invalid"
"66","a1de350b-e587-4b57-8fc3-48feb69fd890","actor_66","Actor 66","actor_66@aspects.invalid"
"67","ee648ff3-a442-43af-b1f8-d9880957ec86","actor_67","Actor 67","actor_67@aspects.invalid"
"68","1479a01b-d058-4b00-89cf-3e51531f3fb8","actor_68","Actor 68","actor_68@aspects.invalid"
"69","494ed100-58c9-4510-b39a-f7093ea8e906","actor_69","Actor 69","actor_69@aspects.invalid"
"70","8af5a761-d765-4331-8ed3-071c8b282dca","actor_70","Actor 70","actor_70@aspects.invalid"
"71","d9d644d5-2619-4c87-8ce3-f3efae37c2b8","actor_71","Actor 71","actor_71@aspects.invalid"
"72","1efff542-8cfc-4bc9-863d-1bdd3c521515","actor_72","Actor 72","actor_72@aspects.invalid"
"73","abb4911f-0c4a-4904-8004-aacfeb710346","actor_73","Actor 73","actor_73@aspects.invalid"
"74","63c1c83c-725c-47cf-8686-4775d5fa0cf9","actor_74","Actor 74","actor_74@aspects.invalid"
"75","f376194f-4c5c-4357-aae6-780707fcf36a","actor_75","Actor 75","actor_75@aspects.invalid"
"76","dca7ea78-c883-4106-a698-87d5428c9207","actor_76","Actor 76","actor_76@aspects.invalid"
"77","c217b4e2-3bf7-44db-9193-e1abbd905533","actor_77","Actor 77","actor_77@aspects.invalid"
"78","d44a9bd9-6afe-4f1c-9f21-9aef3194c24a","actor_78","Actor 78","actor_78@aspects.invalid"
"79","10063b09-875d-4c3b-8b9c-283aef97a348","actor_79","Actor 79","actor_79@aspects.invalid"
"80","a28e2d80-0b93-4730-973f-15f8b18696de","actor_80","Actor 80","actor_80@aspects.invalid"
"81","107459eb-506c-4347-93d5-22637996edf1","actor_81","Actor 81","actor_81@aspects.invalid"
"82","ff10a27a-fe60-41b6-aa8e-823770c210a3","actor_82","Actor 82","actor_82@aspects.invalid"
"83","9e2f08c5-77f0-4508-99c6-88549bf7c0b4","actor_83","Actor 83","actor_83@aspects.invalid"
"84","14f0b50a-e45e-496f-9511-7437473dba2f","actor_84","Actor 84","actor_84@aspects.invalid"
"85","9d97277c-9df9-475e-a231-1af77bf3311f","actor_85","Actor 85","actor_85@aspects.invalid"
"86","4e0fc096-65d9-4b41-bcbd-564b054e532e","actor_86","Actor 86","actor_86@aspects.invalid"
"87","668402da-eccf-4daf-b931-4c5948668f84","actor_87","Actor 87","actor_87@aspects.invalid"
"88","273d802c-af43-4e17-a03c-0dd9da357be1","actor_88","Actor 88","actor_88@aspects.invalid"
"89","100752b0-091b-40a3-9087-52f0d4aaeb8c","actor_89","Actor 89","actor_89@aspects.invalid"
"90","3044ff34-06c7-4d33-bfe3-405b0f05b984","actor_90","Actor 90","actor_90@aspects.invalid"
"91","060967b4-0899-411a-abba-2fa9528211d9","actor_91","Actor 91","actor_91@aspects.invalid"
"92","39762ebc-1c5b-4ae9-8694-758f6a74b8f3","actor_92","Actor 92","actor_92@aspects.invalid"
"93","61570f19-557c-4dbd-9cd2-9f3c573beb4b","actor_93","Actor 93","actor_93@aspects.invalid"
"94","7ba12e72-5cb4-43f4-b3a9-729e6724ef6a","actor_94","Actor 94","actor_94@aspects.invalid"
"95","3c83b6e9-d3d3-4c18-b6d6-956c1d8334a2","actor_95","Actor 95","actor_95@aspects.invalid"
"96","c3c0c4b2-b284-4f3f-aa18-934e435b6c3c","actor_96","Actor 96","actor_96@aspects.invalid"
"97","829a9444-ced3-4273-9e4b-e8a8bb790c48","actor_97","Actor 97","actor_97@aspects.invalid"
"98","a5a50fa7-26c3-405d-95bb-d1b351ffa191","actor_98","Actor 98","actor_98@aspects.invalid"
"99","7f9d4c07-e6b8-4d48-b207-08ee0f755933","actor_99","Actor 99","actor_99@aspects.invalid"