"org","course_key","actor_id","video_count","video_duration","watched_time","rewatched_time"
"Org0","course-v1:Org0+DemoX+2bc51b","007761a3-b622-4cb9-8461-b2c6daffb402","10","195","97","0"
"Org0","course-v1:Org0+DemoX+2bc51b","1479a01b-d058-4b00-89cf-3e51531f3fb8","10","195","137","0"
"Org0","course-v1:Org0+DemoX+2bc51b","1bf5ad2e-5eb7-4209-bb1c-ca2f4c8826e0","10","195","61","0"
"Org0","course-v1:Org0+DemoX+2bc51b","2369d68b-899d-458a-b780-77ebf4e5f4c3","10","195","0","68"
"Org0","course-v1:Org0+DemoX+2bc51b","272f9b05-b2c8-4755-aa4b-087875c8104b","10","195","94","0"
"Org0","course-v1:Org0+DemoX+2bc51b","273d802c-af43-4e17-a03c-0dd9da357be1","10","195","123","0"
"Org0","course-v1:Org0+DemoX+2bc51b","3058e600-5bee-4018-920e-52a311963d88","10","195","581","0"
"Org0","course-v1:Org0+DemoX+2bc51b","33909a28-f02d-414f-9794-58bfb18cb977","10","195","0","210"
"Org0","course-v1:Org0+DemoX+2bc51b","3c83b6e9-d3d3-4c18-b6d6-956c1d8334a2","10","195","171","0"
"Org0","course-v1:Org0+DemoX+2bc51b","44b445b8-97e5-4208-abcd-5e1b08ee9569","10","195","91","0"
"Org0","course-v1:Org0+DemoX+2bc51b","4e0fc096-65d9-4b41-bcbd-564b054e532e","10","195","105","0"
"Org0","course-v1:Org0+DemoX+2bc51b","602fedf5-a7ca-41ce-b14d-7f8945e1969a","10","195","144","0"
"Org0","course-v1:Org0+DemoX+2bc51b","7ba12e72-5cb4-43f4-b3a9-729e6724ef6a","10","195","192","0"
"Org0","course-v1:Org0+DemoX+2bc51b","8d500f3f-f97a-4c45-b786-c814ced84bff","10","195","186","0"
"Org0","course-v1:Org0+DemoX+2bc51b","abb4911f-0c4a-4904-8004-aacfeb710346","10","195","385","0"
"Org0","course-v1:Org0+DemoX+2bc51b","b3abecb9-10c6-4cfd-93ae-92883b2ab749","10","195","15","0"
"Org0","course-v1:Org0+DemoX+2bc51b","c85ec8e1-26e4-41c5-bf0f-ce4d10e5b3b1","10","195","50","0"
"Org0","course-v1:Org0+DemoX+2bc51b","ed2421ea-45e4-4610-85b1-d58b2cdf628a","10","195","165","0"
"Org0","course-v1:Org0+DemoX+2bc51b","f360e005-29c1-4ad8-92a8-308d7047dc6e","10","195","30","0"
"Org0","course-v1:Org0+DemoX+2bc51b","f376194f-4c5c-4357-aae6-780707fcf36a","10","195","169","0"
"Org0","course-v1:Org0+DemoX+2bc51b","f5975641-7160-4d20-9989-c7f9a993d32c","10","195","91","0"
"Org0","course-v1:Org0+DemoX+81bba1","100752b0-091b-40a3-9087-52f0d4aaeb8c","10","195","28","0"
"Org0","course-v1:Org0+DemoX+81bba1","154fd129-9ceb-4303-9984-d7736031117b","10","195","187","228"
"Org0","course-v1:Org0+DemoX+81bba1","168168ea-84e1-4e8c-8e36-db11d23eb1b8","10","195","112","0"
"Org0","course-v1:Org0+DemoX+81bba1","273d802c-af43-4e17-a03c-0dd9da357be1","10","195","206","425"
"Org0","course-v1:Org0+DemoX+81bba1","28613776-d1b8-4d1d-a94f-1095f09efc2b","10","195","137","0"
"Org0","course-v1:Org0+DemoX+81bba1","2c29167a-6b35-4a92-9615-84e63516f935","10","195","94","0"
"Org0","course-v1:Org0+DemoX+81bba1","2f34c036-b8b2-4cf2-8180-1044c4e231ae","10","195","206","0"
"Org0","course-v1:Org0+DemoX+81bba1","47f03e71-bf89-470b-8cb5-8affbc109aff","10","195","6","752"
"Org0","course-v1:Org0+DemoX+81bba1","49d7023e-84c3-4396-9df7-5536b203ac32","10","195","125","257"
"Org0","course-v1:Org0+DemoX+81bba1","5acd076a-e3f8-48e6-9c13-aad953166b68","10","195","363","827"
"Org0","course-v1:Org0+DemoX+81bba1","7ba12e72-5cb4-43f4-b3a9-729e6724ef6a","10","195","59","0"
"Org0","course-v1:Org0+DemoX+81bba1","8d500f3f-f97a-4c45-b786-c814ced84bff","10","195","47","142"
"Org0","course-v1:Org0+DemoX+81bba1","a5a50fa7-26c3-405d-95bb-d1b351ffa191","10","195","41","0"
"Org0","course-v1:Org0+DemoX+81bba1","af648aba-2da8-4c60-b982-adfc2f42fe78","10","195","148","0"
"Org0","course-v1:Org0+DemoX+81bba1","b3abecb9-10c6-4cfd-93ae-92883b2ab749","10","195","167","0"
"Org0","course-v1:Org0+DemoX+81bba1","bc9d00aa-2239-4a94-90de-b3ea4d390bc0","10","195","239","0"
"Org0","course-v1:Org0+DemoX+81bba1","c217b4e2-3bf7-44db-9193-e1abbd905533","10","195","88","0"
"Org0","course-v1:Org0+DemoX+81bba1","c838016f-6640-44d9-a038-33a7cc4018a9","10","195","134","309"
"Org0","course-v1:Org0+DemoX+81bba1","ee648ff3-a442-43af-b1f8-d9880957ec86","10","195","25","0"
"Org1","course-v1:Org1+DemoX+1937e7","3f5c36e9-d6ac-422d-9c83-ca3f1d38aa71","30","195","50","0"
"Org1","course-v1:Org1+DemoX+1937e7","49a47dcd-f33e-4ad5-9416-a248494a85af","30","195","63","0"
"Org1","course-v1:Org1+DemoX+1937e7","4e0fc096-65d9-4b41-bcbd-564b054e532e","30","195","142","0"
"Org1","course-v1:Org1+DemoX+1937e7","602fedf5-a7ca-41ce-b14d-7f8945e1969a","30","195","79","0"
"Org1","course-v1:Org1+DemoX+1937e7","61570f19-557c-4dbd-9cd2-9f3c573beb4b","30","195","49","0"
"Org1","course-v1:Org1+DemoX+1937e7","63c1c83c-725c-47cf-8686-4775d5fa0cf9","30","195","117","0"
"Org1","course-v1:Org1+DemoX+1937e7","6ef32de8-9503-46ed-9764-559e1df8f75e","30","195","59","0"
"Org1","course-v1:Org1+DemoX+1937e7","b3abecb9-10c6-4cfd-93ae-92883b2ab749","30","195","108","0"
"Org1","course-v1:Org1+DemoX+1937e7","dca7ea78-c883-4106-a698-87d5428c9207","30","195","10","0"
"Org1","course-v1:Org1+DemoX+1937e7","f5975641-7160-4d20-9989-c7f9a993d32c","30","195","154","0"
"Org2","course-v1:Org2+DemoX+682526","107459eb-506c-4347-93d5-22637996edf1","20","195","21","0"
"Org2","course-v1:Org2+DemoX+682526","168168ea-84e1-4e8c-8e36-db11d23eb1b8","20","195","117","0"
"Org2","course-v1:Org2+DemoX+682526","2c29167a-6b35-4a92-9615-84e63516f935","20","195","114","0"
"Org2","course-v1:Org2+DemoX+682526","44b445b8-97e5-4208-abcd-5e1b08ee9569","20","195","264","0"
"Org2","course-v1:Org2+DemoX+682526","49a47dcd-f33e-4ad5-9416-a248494a85af","20","195","58","0"
"Org2","course-v1:Org2+DemoX+682526","68195b77-86d9-4a90-988e-ec5f38d3a929","20","195","167","0"
"Org2","course-v1:Org2+DemoX+682526","8af5a761-d765-4331-8ed3-071c8b282dca","20","195","113","31"
"Org2","course-v1:Org2+DemoX+682526","8cdaa227-33f8-4d0c-8996-b75373f7394b","20","195","60","0"
"Org2","course-v1:Org2+DemoX+682526","9066f98a-4696-4dab-9de6-1c04a769f9ac","20","195","20","0"
"Org2","course-v1:Org2+DemoX+682526","9e2f08c5-77f0-4508-99c6-88549bf7c0b4","20","195","86","0"
"Org2","course-v1:Org2+DemoX+682526","a28e2d80-0b93-4730-973f-15f8b18696de","20","195","165","0"
"Org2","course-v1:Org2+DemoX+682526","b3abecb9-10c6-4cfd-93ae-92883b2ab749","20","195","135","0"
"Org2","course-v1:Org2+DemoX+682526","bc9d00aa-2239-4a94-90de-b3ea4d390bc0","20","195","166","0"
"Org2","course-v1:Org2+DemoX+682526","d1396620-e0d3-499c-ada0-f3ba27f9463b","20","195","51","0"
"Org2","course-v1:Org2+DemoX+682526","d48677ac-2373-457c-8318-30cd736ed206","20","195","45","0"
"Org2","course-v1:Org2+DemoX+682526","d9d644d5-2619-4c87-8ce3-f3efae37c2b8","20","195","38","54"
"Org2","course-v1:Org2+DemoX+682526","ed2421ea-45e4-4610-85b1-d58b2cdf628a","20","195","207","77"
"Org2","course-v1:Org2+DemoX+682526","f5975641-7160-4d20-9989-c7f9a993d32c","20","195","475","60"
"Org2","course-v1:Org2+DemoX+682526","fc35c856-a8c5-4110-b4b4-15b2025094d8","20","195","233","0"
"Org2","course-v1:Org2+DemoX+e4380c","39762ebc-1c5b-4ae9-8694-758f6a74b8f3","40","195","110","0"
"Org2","course-v1:Org2+DemoX+e4380c","4e0fc096-65d9-4b41-bcbd-564b054e532e","40","195","75","0"
"Org2","course-v1:Org2+DemoX+e4380c","510eda4f-80fe-4a8c-9dd6-349415991e6d","40","195","113","0"
"Org2","course-v1:Org2+DemoX+e4380c","61570f19-557c-4dbd-9cd2-9f3c573beb4b","40","195","7","0"
"Org2","course-v1:Org2+DemoX+e4380c","668402da-eccf-4daf-b931-4c5948668f84","40","195","49","0"
"Org2","course-v1:Org2+DemoX+e4380c","8af5a761-d765-4331-8ed3-071c8b282dca","40","195","57","0"
"Org2","course-v1:Org2+DemoX+e4380c","8d500f3f-f97a-4c45-b786-c814ced84bff","40","195","302","0"
"Org2","course-v1:Org2+DemoX+e4380c","f8b778fb-aff9-4b63-8fe3-d578f3891dd8","40","195","81","0"
"Org3","course-v1:Org3+DemoX+528fdd","3044ff34-06c7-4d33-bfe3-405b0f05b984","10","195","41","0"
"Org3","course-v1:Org3+DemoX+528fdd","3058e600-5bee-4018-920e-52a311963d88","10","195","75","0"
"Org3","course-v1:Org3+DemoX+528fdd","33909a28-f02d-414f-9794-58bfb18cb977","10","195","26","0"
"Org3","course-v1:Org3+DemoX+528fdd","3760462a-fbb0-45dc-b5e5-76e6c60c72e1","10","195","83","0"
"Org3","course-v1:Org3+DemoX+528fdd","43e0dba8-fc43-4567-824d-68bfabb1f312","10","195","31","0"
"Org3","course-v1:Org3+DemoX+528fdd","465fe6bb-9894-4480-b8ef-e54d97d77fea","10","195","103","200"
"Org3","course-v1:Org3+DemoX+528fdd","47f03e71-bf89-470b-8cb5-8affbc109aff","10","195","0","315"
"Org3","course-v1:Org3+DemoX+528fdd","49a47dcd-f33e-4ad5-9416-a248494a85af","10","195","28","0"
"Org3","course-v1:Org3+DemoX+528fdd","49d7023e-84c3-4396-9df7-5536b203ac32","10","195","330","182"
"Org3","course-v1:Org3+DemoX+528fdd","68195b77-86d9-4a90-988e-ec5f38d3a929","10","195","60","0"
"Org3","course-v1:Org3+DemoX+528fdd","9066f98a-4696-4dab-9de6-1c04a769f9ac","10","195","0","132"
"Org3","course-v1:Org3+DemoX+528fdd","9d97277c-9df9-475e-a231-1af77bf3311f","10","195","412","0"
"Org3","course-v1:Org3+DemoX+528fdd","9e2f08c5-77f0-4508-99c6-88549bf7c0b4","10","195","222","0"
"Org3","course-v1:Org3+DemoX+528fdd","9fa89875-36d7-465e-9bae-a05c0e252db4","10","195","302","457"
"Org3","course-v1:Org3+DemoX+528fdd","a499a2bb-c627-4916-92d1-f6ae6ac57a71","10","195","54","0"
"Org3","course-v1:Org3+DemoX+528fdd","c217b4e2-3bf7-44db-9193-e1abbd905533","10","195","330","0"
"Org3","course-v1:Org3+DemoX+528fdd","c838016f-6640-44d9-a038-33a7cc4018a9","10","195","123","0"
"Org3","course-v1:Org3+DemoX+528fdd","c9d7fefc-f8bd-4162-8a2c-bdba6da6b624","10","195","90","0"
"Org3","course-v1:Org3+DemoX+528fdd","d48677ac-2373-457c-8318-30cd736ed206","10","195","45","221"
"Org3","course-v1:Org3+DemoX+528fdd","e6e3c0f5-1a3a-4bcc-a3dd-fe2801585240","10","195","160","0"
"Org3","course-v1:Org3+DemoX+528fdd","ee648ff3-a442-43af-b1f8-d9880957ec86","10","195","76","0"
"Org4","course-v1:Org4+DemoX+0b1656","100752b0-091b-40a3-9087-52f0d4aaeb8c","40","195","201","0"
"Org4","course-v1:Org4+DemoX+0b1656","107459eb-506c-4347-93d5-22637996edf1","40","195","21","0"
"Org4","course-v1:Org4+DemoX+0b1656","2c2553fa-e3c2-40d9-82f4-ce6b8bdc85cf","40","195","7","0"
"Org4","course-v1:Org4+DemoX+0b1656","3760462a-fbb0-45dc-b5e5-76e6c60c72e1","40","195","120","0"
"Org4","course-v1:Org4+DemoX+0b1656","39762ebc-1c5b-4ae9-8694-758f6a74b8f3","40","195","0","164"
"Org4","course-v1:Org4+DemoX+0b1656","3f5c36e9-d6ac-422d-9c83-ca3f1d38aa71","40","195","29","0"
"Org4","course-v1:Org4+DemoX+0b1656","a15dee08-edd3-4b54-98b2-e7d2f60a4c19","40","195","114","0"
"Org4","course-v1:Org4+DemoX+0b1656","c838016f-6640-44d9-a038-33a7cc4018a9","40","195","12","0"
"Org4","course-v1:Org4+DemoX+0b1656","d48677ac-2373-457c-8318-30cd736ed206","40","195","51","0"
"Org4","course-v1:Org4+DemoX+0b1656","f5975641-7160-4d20-9989-c7f9a993d32c","40","195","62","0"
"Org4","course-v1:Org4+DemoX+db4c73","007761a3-b622-4cb9-8461-b2c6daffb402","30","195","34","0"
"Org4","course-v1:Org4+DemoX+db4c73","0f764bed-e5da-4d50-89d3-66aac42b50e5","30","195","50","0"
"Org4","course-v1:Org4+DemoX+db4c73","10063b09-875d-4c3b-8b9c-283aef97a348","30","195","10","0"
"Org4","course-v1:Org4+DemoX+db4c73","33909a28-f02d-414f-9794-58bfb18cb977","30","195","59","0"
"Org4","course-v1:Org4+DemoX+db4c73","3760462a-fbb0-45dc-b5e5-76e6c60c72e1","30","195","43","0"
"Org4","course-v1:Org4+DemoX+db4c73","6c0eb8ab-6be1-47d2-bd0d-cf507fd763dc","30","195","134","0"
"Org4","course-v1:Org4+DemoX+db4c73","bc9d00aa-2239-4a94-90de-b3ea4d390bc0","30","195","21","0"
"Org4","course-v1:Org4+DemoX+db4c73","f5975641-7160-4d20-9989-c7f9a993d32c","30","195","170","0"
"Org7","course-v1:Org7+DemoX+57295b","1bf5ad2e-5eb7-4209-bb1c-ca2f4c8826e0","20","195","25","0"
"Org7","course-v1:Org7+DemoX+57295b","272f9b05-b2c8-4755-aa4b-087875c8104b","20","195","29","0"
"Org7","course-v1:Org7+DemoX+57295b","39762ebc-1c5b-4ae9-8694-758f6a74b8f3","20","195","128","0"
"Org7","course-v1:Org7+DemoX+57295b","3ae0a6e3-21af-4185-b3f1-c7125d1c2ac3","20","195","23","0"
"Org7","course-v1:Org7+DemoX+57295b","3c83b6e9-d3d3-4c18-b6d6-956c1d8334a2","20","195","472","0"
"Org7","course-v1:Org7+DemoX+57295b","47f03e71-bf89-470b-8cb5-8affbc109aff","20","195","55","0"
"Org7","course-v1:Org7+DemoX+57295b","78dc54d4-e68f-4853-b5e3-7a65357fe6ac","20","195","35","0"
"Org7","course-v1:Org7+DemoX+57295b","8af5a761-d765-4331-8ed3-071c8b282dca","20","195","8","0"
"Org7","course-v1:Org7+DemoX+57295b","9066f98a-4696-4dab-9de6-1c04a769f9ac","20","195","66","0"
"Org7","course-v1:Org7+DemoX+57295b","95af96c4-e45b-401e-b700-e1f147d36297","20","195","35","0"
"Org7","course-v1:Org7+DemoX+57295b","c217b4e2-3bf7-44db-9193-e1abbd905533","20","195","198","0"
"Org7","course-v1:Org7+DemoX+57295b","c3ba8c7b-9b3a-49e3-b54a-4573613dc392","20","195","6","0"
"Org7","course-v1:Org7+DemoX+57295b","d1396620-e0d3-499c-ada0-f3ba27f9463b","20","195","34","0"
"Org7","course-v1:Org7+DemoX+57295b","d26c103e-89ba-47f0-89b5-0df2141a43b8","20","195","16","0"
"Org7","course-v1:Org7+DemoX+57295b","f5975641-7160-4d20-9989-c7f9a993d32c","20","195","91","0"
"Org7","course-v1:Org7+DemoX+57295b","ff10a27a-fe60-41b6-aa8e-823770c210a3","20","195","98","0"
"Org8","course-v1:Org8+DemoX+3fefec","007761a3-b622-4cb9-8461-b2c6daffb402","20","195","67","0"
"Org8","course-v1:Org8+DemoX+3fefec","0f764bed-e5da-4d50-89d3-66aac42b50e5","20","195","122","0"
"Org8","course-v1:Org8+DemoX+3fefec","107459eb-506c-4347-93d5-22637996edf1","20","195","18","0"
"Org8","course-v1:Org8+DemoX+3fefec","33909a28-f02d-414f-9794-58bfb18cb977","20","195","124","0"
"Org8","course-v1:Org8+DemoX+3fefec","3760462a-fbb0-45dc-b5e5-76e6c60c72e1","20","195","80","0"
"Org8","course-v1:Org8+DemoX+3fefec","465fe6bb-9894-4480-b8ef-e54d97d77fea","20","195","18","0"
"Org8","course-v1:Org8+DemoX+3fefec","78dc54d4-e68f-4853-b5e3-7a65357fe6ac","20","195","139","0"
"Org8","course-v1:Org8+DemoX+3fefec","8cdaa227-33f8-4d0c-8996-b75373f7394b","20","195","144","0"
"Org8","course-v1:Org8+DemoX+3fefec","9344e7e6-2388-4b1b-b6b8-5040aad08ff7","20","195","176","0"
"Org8","course-v1:Org8+DemoX+3fefec","96ab90f0-078f-477c-a011-7eda70eba32a","20","195","6","0"
"Org8","course-v1:Org8+DemoX+3fefec","a1de350b-e587-4b57-8fc3-48feb69fd890","20","195","87","0"
"Org8","course-v1:Org8+DemoX+3fefec","a28e2d80-0b93-4730-973f-15f8b18696de","20","195","112","0"
"Org8","course-v1:Org8+DemoX+3fefec","a499a2bb-c627-4916-92d1-f6ae6ac57a71","20","195","70","0"
"Org8","course-v1:Org8+DemoX+3fefec","a5a50fa7-26c3-405d-95bb-d1b351ffa191","20","195","94","0"
"Org8","course-v1:Org8+DemoX+3fefec","bc9d00aa-2239-4a94-90de-b3ea4d390bc0","20","195","13","0"
"Org8","course-v1:Org8+DemoX+3fefec","c217b4e2-3bf7-44db-9193-e1abbd905533","20","195","158","0"
"Org8","course-v1:Org8+DemoX+3fefec","d44a9bd9-6afe-4f1c-9f21-9aef3194c24a","20","195","188","0"
"Org8","course-v1:Org8+DemoX+3fefec","fbfb0998-6d7e-4047-9235-266965fda410","20","195","158","0"
"Org8","course-v1:Org8+DemoX+3fefec","fc35c856-a8c5-4110-b4b4-15b2025094d8","20","195","157","0"